******************************************************************************
                  TI ARM Linker PC v20.2.7                     
******************************************************************************
>> Linked Wed Jun  7 14:22:34 2023

OUTPUT FILE NAME:   <MaRTOS.out>
ENTRY POINT SYMBOL: "_c_int00_noargs"  address: 000004d9


MEMORY CONFIGURATION

         name            origin    length      used     unused   attr    fill
----------------------  --------  ---------  --------  --------  ----  --------
  FLASH                 00000000   00040000  00000550  0003fab0  R  X
  SRAM                  20000000   00008000  000003a9  00007c57  RW X


SEGMENT ALLOCATION MAP

run origin  load origin   length   init length attrs members
----------  ----------- ---------- ----------- ----- -------
00000000    00000000    00000554   00000554    r-x
  00000000    00000000    0000026c   0000026c    r-- .intvecs
  0000026c    0000026c    000002d0   000002d0    r-x .text
  00000540    00000540    00000014   00000014    r-- .cinit
20000000    20000000    000003a9   00000000    rw-
  20000000    20000000    00000200   00000000    rw- .stack
  20000200    20000200    000001a9   00000000    rw- .bss


SECTION ALLOCATION MAP

 output                                  attributes/
section   page    origin      length       input sections
--------  ----  ----------  ----------   ----------------
.intvecs   0    00000000    0000026c     
                  00000000    0000026c     tm4c123gh6pm_startup_ccs.obj (.intvecs)

.text      0    0000026c    000002d0     
                  0000026c    00000110     RTOS_FIFO.obj (.text)
                  0000037c    000000b4     MaRTOS.obj (.text)
                  00000430    00000064     main.obj (.text)
                  00000494    00000044     rtsv7M4_T_le_v4SPD16_eabi.lib : autoinit.c.obj (.text:__TI_auto_init_nobinit_nopinit:__TI_auto_init_nobinit_nopinit)
                  000004d8    00000034                                   : boot_cortex_m.c.obj (.text:_c_int00_noargs:_c_int00_noargs)
                  0000050c    0000001c                                   : copy_zero_init.c.obj (.text:decompress:ZI:__TI_zero_init_nomemset:__TI_zero_init_nomemset)
                  00000528    0000000c     tm4c123gh6pm_startup_ccs.obj (.text)
                  00000534    00000004     rtsv7M4_T_le_v4SPD16_eabi.lib : pre_init.c.obj (.text:_system_pre_init)
                  00000538    00000004                                   : exit.c.obj (.text:abort:abort)

.cinit     0    00000540    00000014     
                  00000540    00000008     (.cinit..bss.load) [load image, compression = zero_init]
                  00000548    00000004     (__TI_handler_table)
                  0000054c    00000008     (__TI_cinit_table)

.init_array 
*          0    00000000    00000000     UNINITIALIZED

.bss       0    20000200    000001a9     UNINITIALIZED
                  20000200    00000190     (.common:ReadyQueueFIFO)
                  20000390    00000014     (.common:ReadyQueue)
                  200003a4    00000004     (.common:RTOS_FIFO)
                  200003a8    00000001     (.common:TaskCount)

.stack     0    20000000    00000200     UNINITIALIZED
                  20000000    00000004     rtsv7M4_T_le_v4SPD16_eabi.lib : boot_cortex_m.c.obj (.stack)
                  20000004    000001fc     --HOLE--

__llvm_prf_cnts 
*          0    20000000    00000000     UNINITIALIZED

MODULE SUMMARY

       Module                         code   ro data   rw data
       ------                         ----   -------   -------
    .\
       tm4c123gh6pm_startup_ccs.obj   12     620       0      
       MaRTOS.obj                     180    0         421    
       RTOS_FIFO.obj                  272    0         4      
       main.obj                       100    0         0      
    +--+------------------------------+------+---------+---------+
       Total:                         564    620       425    
                                                              
    C:\ti\ccs1210\ccs\tools\compiler\ti-cgt-arm_20.2.7.LTS\lib\rtsv7M4_T_le_v4SPD16_eabi.lib
       autoinit.c.obj                 68     0         0      
       boot_cortex_m.c.obj            52     0         0      
       copy_zero_init.c.obj           28     0         0      
       exit.c.obj                     4      0         0      
       pre_init.c.obj                 4      0         0      
    +--+------------------------------+------+---------+---------+
       Total:                         156    0         0      
                                                              
       Stack:                         0      0         512    
       Linker Generated:              0      20        0      
    +--+------------------------------+------+---------+---------+
       Grand Total:                   720    640       937    


LINKER GENERATED COPY TABLES

__TI_cinit_table @ 0000054c records: 1, size/record: 8, table size: 8
	.bss: load addr=00000540, load size=00000008 bytes, run addr=20000200, run size=000001a9 bytes, compression=zero_init


LINKER GENERATED HANDLER TABLE

__TI_handler_table @ 00000548 records: 1, size/record: 4, table size: 4
	index: 0, handler: __TI_zero_init


GLOBAL SYMBOLS: SORTED ALPHABETICALLY BY Name 

address   name                          
-------   ----                          
00000539  C$$EXIT                       
000002b7  FIFO_Add                      
00000309  FIFO_Get                      
0000026d  FIFO_Init                     
00000363  FIFO_IsEmpty                  
00000359  FIFO_Peek                     
00000371  FIFO_TasksCount               
000003dd  RTOS_ActivateTask             
0000038d  RTOS_CreateTask               
200003a4  RTOS_FIFO                     
0000037d  RTOS_Init                     
00000403  RTOS_TaskWait                 
000003f1  RTOS_TerminateTask            
20000390  ReadyQueue                    
20000200  ReadyQueueFIFO                
00000529  ResetISR                      
200003a8  TaskCount                     
20000200  __STACK_END                   
00000200  __STACK_SIZE                  
20000200  __STACK_TOP                   
0000054c  __TI_CINIT_Base               
00000554  __TI_CINIT_Limit              
00000548  __TI_Handler_Table_Base       
0000054c  __TI_Handler_Table_Limit      
00000495  __TI_auto_init_nobinit_nopinit
ffffffff  __TI_pprof_out_hndl           
ffffffff  __TI_prof_data_size           
ffffffff  __TI_prof_data_start          
00000000  __TI_static_base__            
0000050d  __TI_zero_init_nomemset       
ffffffff  __binit__                     
ffffffff  __c_args__                    
UNDEFED   __mpu_init                    
20000000  __stack                       
20000000  __start___llvm_prf_cnts       
20000000  __stop___llvm_prf_cnts        
000004d9  _c_int00_noargs               
UNDEFED   _system_post_cinit            
00000535  _system_pre_init              
00000539  abort                         
ffffffff  binit                         
00000000  g_pfnVectors                  
00000455  main                          
00000431  task1                         
00000443  task2                         


GLOBAL SYMBOLS: SORTED BY Symbol Address 

address   name                          
-------   ----                          
00000000  __TI_static_base__            
00000000  g_pfnVectors                  
00000200  __STACK_SIZE                  
0000026d  FIFO_Init                     
000002b7  FIFO_Add                      
00000309  FIFO_Get                      
00000359  FIFO_Peek                     
00000363  FIFO_IsEmpty                  
00000371  FIFO_TasksCount               
0000037d  RTOS_Init                     
0000038d  RTOS_CreateTask               
000003dd  RTOS_ActivateTask             
000003f1  RTOS_TerminateTask            
00000403  RTOS_TaskWait                 
00000431  task1                         
00000443  task2                         
00000455  main                          
00000495  __TI_auto_init_nobinit_nopinit
000004d9  _c_int00_noargs               
0000050d  __TI_zero_init_nomemset       
00000529  ResetISR                      
00000535  _system_pre_init              
00000539  C$$EXIT                       
00000539  abort                         
00000548  __TI_Handler_Table_Base       
0000054c  __TI_CINIT_Base               
0000054c  __TI_Handler_Table_Limit      
00000554  __TI_CINIT_Limit              
20000000  __stack                       
20000000  __start___llvm_prf_cnts       
20000000  __stop___llvm_prf_cnts        
20000200  ReadyQueueFIFO                
20000200  __STACK_END                   
20000200  __STACK_TOP                   
20000390  ReadyQueue                    
200003a4  RTOS_FIFO                     
200003a8  TaskCount                     
ffffffff  __TI_pprof_out_hndl           
ffffffff  __TI_prof_data_size           
ffffffff  __TI_prof_data_start          
ffffffff  __binit__                     
ffffffff  __c_args__                    
ffffffff  binit                         
UNDEFED   __mpu_init                    
UNDEFED   _system_post_cinit            

[45 symbols]
