Component: Arm Compiler for Embedded 6.19 Tool: armlink [5e73cb00]

==============================================================================

Section Cross References

    cortex_os_porting.o(.ARM.exidx.text.HardFault_Handler) refers to cortex_os_porting.o(.text.HardFault_Handler) for [Anonymous Symbol]
    cortex_os_porting.o(.ARM.exidx.text.MemManage_Handler) refers to cortex_os_porting.o(.text.MemManage_Handler) for [Anonymous Symbol]
    cortex_os_porting.o(.ARM.exidx.text.BusFault_Handler) refers to cortex_os_porting.o(.text.BusFault_Handler) for [Anonymous Symbol]
    cortex_os_porting.o(.ARM.exidx.text.UsageFault_Handler) refers to cortex_os_porting.o(.text.UsageFault_Handler) for [Anonymous Symbol]
    cortex_os_porting.o(.ARM.exidx.text.SVC_Handler) refers to cortex_os_porting.o(.text.SVC_Handler) for [Anonymous Symbol]
    cortex_os_porting.o(.ARM.exidx.text.TriggerPendSV) refers to cortex_os_porting.o(.text.TriggerPendSV) for [Anonymous Symbol]
    cortex_os_porting.o(.ARM.exidx.text.HW_Init) refers to cortex_os_porting.o(.text.HW_Init) for [Anonymous Symbol]
    cortex_os_porting.o(.ARM.exidx.text.Start_Ticker) refers to cortex_os_porting.o(.text.Start_Ticker) for [Anonymous Symbol]
    cortex_os_porting.o(.text.SysTick_Handler) refers to cortex_os_porting.o(.text.TriggerPendSV) for TriggerPendSV
    cortex_os_porting.o(.ARM.exidx.text.SysTick_Handler) refers to cortex_os_porting.o(.text.SysTick_Handler) for [Anonymous Symbol]
    main.o(.text.task1) refers to main.o(.bss.c) for c
    main.o(.ARM.exidx.text.task1) refers to main.o(.text.task1) for [Anonymous Symbol]
    main.o(.text.task2) refers to main.o(.bss.c) for c
    main.o(.ARM.exidx.text.task2) refers to main.o(.text.task2) for [Anonymous Symbol]
    main.o(.text.task3) refers to main.o(.bss.TASK3) for TASK3
    main.o(.text.task3) refers to martos.o(.text.RTOS_TaskWait) for RTOS_TaskWait
    main.o(.ARM.exidx.text.task3) refers to main.o(.text.task3) for [Anonymous Symbol]
    main.o(.text.task4) refers to main.o(.bss.c) for c
    main.o(.text.task4) refers to main.o(.bss.TASK4) for TASK4
    main.o(.text.task4) refers to martos.o(.text.RTOS_TaskWait) for RTOS_TaskWait
    main.o(.ARM.exidx.text.task4) refers to main.o(.text.task4) for [Anonymous Symbol]
    main.o(.text.main) refers to martos.o(.text.RTOS_Init) for RTOS_Init
    main.o(.text.main) refers to main.o(.rodata.str1.1) for .L.str
    main.o(.text.main) refers to main.o(.bss.TASK1) for TASK1
    main.o(.text.main) refers to main.o(.text.task1) for task1
    main.o(.text.main) refers to martos.o(.text.MTaskCreate) for MTaskCreate
    main.o(.text.main) refers to main.o(.bss.TASK2) for TASK2
    main.o(.text.main) refers to main.o(.text.task2) for task2
    main.o(.text.main) refers to main.o(.bss.TASK3) for TASK3
    main.o(.text.main) refers to main.o(.text.task3) for task3
    main.o(.text.main) refers to main.o(.bss.TASK4) for TASK4
    main.o(.text.main) refers to main.o(.text.task4) for task4
    main.o(.text.main) refers to martos.o(.text.STARTOS) for STARTOS
    main.o(.ARM.exidx.text.main) refers to main.o(.text.main) for [Anonymous Symbol]
    martos.o(.text.RTOS_IDLE) refers to martos.o(.bss.OS_Control) for OS_Control
    martos.o(.text.RTOS_IDLE) refers to martos.o(.bss.RTOS_IdleTask1) for RTOS_IdleTask1
    martos.o(.ARM.exidx.text.RTOS_IDLE) refers to martos.o(.text.RTOS_IDLE) for [Anonymous Symbol]
    martos.o(.text.RTOS_Create_MainStack) refers to martos.o(.bss.OS_Control) for OS_Control
    martos.o(.ARM.exidx.text.RTOS_Create_MainStack) refers to martos.o(.text.RTOS_Create_MainStack) for [Anonymous Symbol]
    martos.o(.text.MTaskCreate) refers to strcpy.o(.text) for strcpy
    martos.o(.text.MTaskCreate) refers to martos.o(.text.RTOS_CreateTask) for RTOS_CreateTask
    martos.o(.ARM.exidx.text.MTaskCreate) refers to martos.o(.text.MTaskCreate) for [Anonymous Symbol]
    martos.o(.text.RTOS_CreateTask) refers to martos.o(.bss.OS_Control) for OS_Control
    martos.o(.text.RTOS_CreateTask) refers to martos.o(.text.RTOS_Create_TaskStack) for RTOS_Create_TaskStack
    martos.o(.text.RTOS_CreateTask) refers to martos.o(.bss.TaskCount) for TaskCount
    martos.o(.ARM.exidx.text.RTOS_CreateTask) refers to martos.o(.text.RTOS_CreateTask) for [Anonymous Symbol]
    martos.o(.text.STARTOS) refers to martos.o(.text.SORT) for SORT
    martos.o(.text.STARTOS) refers to martos.o(.bss.ReadyQueue) for ReadyQueue
    martos.o(.text.STARTOS) refers to martos.o(.bss.ReadyQueueFIFO) for ReadyQueueFIFO
    martos.o(.text.STARTOS) refers to rtos_fifo.o(.text.FIFO_Init) for FIFO_Init
    martos.o(.text.STARTOS) refers to martos.o(.bss.OS_Control) for OS_Control
    martos.o(.text.STARTOS) refers to martos.o(.bss.RTOS_IdleTask) for RTOS_IdleTask
    martos.o(.text.STARTOS) refers to martos.o(.text.RTOS_ActivateTask) for RTOS_ActivateTask
    martos.o(.text.STARTOS) refers to cortex_os_porting.o(.text.Start_Ticker) for Start_Ticker
    martos.o(.ARM.exidx.text.STARTOS) refers to martos.o(.text.STARTOS) for [Anonymous Symbol]
    martos.o(.text.SORT) refers to martos.o(.bss.OS_Control) for OS_Control
    martos.o(.ARM.exidx.text.SORT) refers to martos.o(.text.SORT) for [Anonymous Symbol]
    martos.o(.ARM.exidx.text.RTOS_ActivateTask) refers to martos.o(.text.RTOS_ActivateTask) for [Anonymous Symbol]
    martos.o(.text.RTOS_Init) refers to cortex_os_porting.o(.text.HW_Init) for HW_Init
    martos.o(.text.RTOS_Init) refers to martos.o(.bss.OS_Control) for OS_Control
    martos.o(.text.RTOS_Init) refers to martos.o(.text.RTOS_Create_MainStack) for RTOS_Create_MainStack
    martos.o(.text.RTOS_Init) refers to martos.o(.bss.RTOS_IdleTask) for RTOS_IdleTask
    martos.o(.text.RTOS_Init) refers to martos.o(.text.RTOS_IDLE) for RTOS_IDLE
    martos.o(.text.RTOS_Init) refers to martos.o(.text.RTOS_CreateTask) for RTOS_CreateTask
    martos.o(.ARM.exidx.text.RTOS_Init) refers to martos.o(.text.RTOS_Init) for [Anonymous Symbol]
    martos.o(.ARM.exidx.text.RTOS_Create_TaskStack) refers to martos.o(.text.RTOS_Create_TaskStack) for [Anonymous Symbol]
    martos.o(.text.DecrementTicks) refers to martos.o(.bss.OS_Control) for OS_Control
    martos.o(.ARM.exidx.text.DecrementTicks) refers to martos.o(.text.DecrementTicks) for [Anonymous Symbol]
    martos.o(.text.RTOS_Update_Schedule_Tables) refers to martos.o(.text.SORT) for SORT
    martos.o(.text.RTOS_Update_Schedule_Tables) refers to rtos_fifo.o(.text.FIFO_Get) for FIFO_Get
    martos.o(.text.RTOS_Update_Schedule_Tables) refers to martos.o(.bss.OS_Control) for OS_Control
    martos.o(.text.RTOS_Update_Schedule_Tables) refers to rtos_fifo.o(.text.FIFO_Add) for FIFO_Add
    martos.o(.ARM.exidx.text.RTOS_Update_Schedule_Tables) refers to martos.o(.text.RTOS_Update_Schedule_Tables) for [Anonymous Symbol]
    martos.o(.text.WhatIsNext) refers to martos.o(.bss.ReadyQueue) for ReadyQueue
    martos.o(.text.WhatIsNext) refers to martos.o(.bss.OS_Control) for OS_Control
    martos.o(.text.WhatIsNext) refers to rtos_fifo.o(.text.FIFO_Get) for FIFO_Get
    martos.o(.text.WhatIsNext) refers to rtos_fifo.o(.text.FIFO_Peek) for FIFO_Peek
    martos.o(.text.WhatIsNext) refers to rtos_fifo.o(.text.FIFO_Add) for FIFO_Add
    martos.o(.ARM.exidx.text.WhatIsNext) refers to martos.o(.text.WhatIsNext) for [Anonymous Symbol]
    martos.o(.ARM.exidx.text.OS_SVC) refers to martos.o(.text.OS_SVC) for [Anonymous Symbol]
    martos.o(.ARM.exidx.text.RTOS_TerminateTask) refers to martos.o(.text.RTOS_TerminateTask) for [Anonymous Symbol]
    martos.o(.ARM.exidx.text.RTOS_TaskWait) refers to martos.o(.text.RTOS_TaskWait) for [Anonymous Symbol]
    martos.o(.text.PendSV_Handler) refers to martos.o(.text.RTOS_Update_Schedule_Tables) for RTOS_Update_Schedule_Tables
    martos.o(.text.PendSV_Handler) refers to martos.o(.text.WhatIsNext) for WhatIsNext
    martos.o(.text.PendSV_Handler) refers to martos.o(.bss.OS_Control) for OS_Control
    martos.o(.ARM.exidx.text.PendSV_Handler) refers to martos.o(.text.PendSV_Handler) for [Anonymous Symbol]
    rtos_fifo.o(.text.FIFO_Init) refers to rtos_fifo.o(.bss.RTOS_FIFO) for RTOS_FIFO
    rtos_fifo.o(.ARM.exidx.text.FIFO_Init) refers to rtos_fifo.o(.text.FIFO_Init) for [Anonymous Symbol]
    rtos_fifo.o(.text.FIFO_Add) refers to rtos_fifo.o(.bss.RTOS_FIFO) for RTOS_FIFO
    rtos_fifo.o(.ARM.exidx.text.FIFO_Add) refers to rtos_fifo.o(.text.FIFO_Add) for [Anonymous Symbol]
    rtos_fifo.o(.text.FIFO_Get) refers to rtos_fifo.o(.bss.RTOS_FIFO) for RTOS_FIFO
    rtos_fifo.o(.ARM.exidx.text.FIFO_Get) refers to rtos_fifo.o(.text.FIFO_Get) for [Anonymous Symbol]
    rtos_fifo.o(.text.FIFO_Peek) refers to rtos_fifo.o(.bss.RTOS_FIFO) for RTOS_FIFO
    rtos_fifo.o(.ARM.exidx.text.FIFO_Peek) refers to rtos_fifo.o(.text.FIFO_Peek) for [Anonymous Symbol]
    rtos_fifo.o(.text.FIFO_IsEmpty) refers to rtos_fifo.o(.bss.RTOS_FIFO) for RTOS_FIFO
    rtos_fifo.o(.ARM.exidx.text.FIFO_IsEmpty) refers to rtos_fifo.o(.text.FIFO_IsEmpty) for [Anonymous Symbol]
    rtos_fifo.o(.text.FIFO_TasksCount) refers to rtos_fifo.o(.bss.RTOS_FIFO) for RTOS_FIFO
    rtos_fifo.o(.ARM.exidx.text.FIFO_TasksCount) refers to rtos_fifo.o(.text.FIFO_TasksCount) for [Anonymous Symbol]
    startup_tm4c123.o(STACK) refers (Special) to heapauxi.o(.text) for __use_two_region_memory
    startup_tm4c123.o(HEAP) refers (Special) to heapauxi.o(.text) for __use_two_region_memory
    startup_tm4c123.o(RESET) refers (Special) to heapauxi.o(.text) for __use_two_region_memory
    startup_tm4c123.o(RESET) refers to startup_tm4c123.o(STACK) for __initial_sp
    startup_tm4c123.o(RESET) refers to startup_tm4c123.o(.text) for Reset_Handler
    startup_tm4c123.o(RESET) refers to cortex_os_porting.o(.text.HardFault_Handler) for HardFault_Handler
    startup_tm4c123.o(RESET) refers to cortex_os_porting.o(.text.MemManage_Handler) for MemManage_Handler
    startup_tm4c123.o(RESET) refers to cortex_os_porting.o(.text.BusFault_Handler) for BusFault_Handler
    startup_tm4c123.o(RESET) refers to cortex_os_porting.o(.text.UsageFault_Handler) for UsageFault_Handler
    startup_tm4c123.o(RESET) refers to cortex_os_porting.o(.text.SVC_Handler) for SVC_Handler
    startup_tm4c123.o(RESET) refers to martos.o(.text.PendSV_Handler) for PendSV_Handler
    startup_tm4c123.o(RESET) refers to cortex_os_porting.o(.text.SysTick_Handler) for SysTick_Handler
    startup_tm4c123.o(.text) refers (Special) to heapauxi.o(.text) for __use_two_region_memory
    startup_tm4c123.o(.text) refers to system_tm4c123.o(.text.SystemInit) for SystemInit
    startup_tm4c123.o(.text) refers to __main.o(!!!main) for __main
    startup_tm4c123.o(.text) refers to startup_tm4c123.o(HEAP) for Heap_Mem
    startup_tm4c123.o(.text) refers to startup_tm4c123.o(STACK) for Stack_Mem
    system_tm4c123.o(.text.SystemCoreClockUpdate) refers to system_tm4c123.o(.text.getOscClk) for getOscClk
    system_tm4c123.o(.text.SystemCoreClockUpdate) refers to system_tm4c123.o(.data.SystemCoreClock) for SystemCoreClock
    system_tm4c123.o(.ARM.exidx.text.SystemCoreClockUpdate) refers to system_tm4c123.o(.text.SystemCoreClockUpdate) for [Anonymous Symbol]
    system_tm4c123.o(.ARM.exidx.text.getOscClk) refers to system_tm4c123.o(.text.getOscClk) for [Anonymous Symbol]
    system_tm4c123.o(.ARM.exidx.text.SystemInit) refers to system_tm4c123.o(.text.SystemInit) for [Anonymous Symbol]
    __main.o(!!!main) refers to __rtentry.o(.ARM.Collect$$rtentry$$00000000) for __rt_entry
    __rtentry.o(.ARM.Collect$$rtentry$$00000000) refers (Special) to __rtentry2.o(.ARM.Collect$$rtentry$$0000000A) for __rt_entry_li
    __rtentry.o(.ARM.Collect$$rtentry$$00000000) refers (Special) to __rtentry2.o(.ARM.Collect$$rtentry$$0000000D) for __rt_entry_main
    __rtentry.o(.ARM.Collect$$rtentry$$00000000) refers (Special) to __rtentry2.o(.ARM.Collect$$rtentry$$0000000C) for __rt_entry_postli_1
    __rtentry.o(.ARM.Collect$$rtentry$$00000000) refers (Special) to __rtentry2.o(.ARM.Collect$$rtentry$$00000009) for __rt_entry_postsh_1
    __rtentry.o(.ARM.Collect$$rtentry$$00000000) refers (Special) to __rtentry2.o(.ARM.Collect$$rtentry$$00000002) for __rt_entry_presh_1
    __rtentry.o(.ARM.Collect$$rtentry$$00000000) refers (Special) to __rtentry4.o(.ARM.Collect$$rtentry$$00000004) for __rt_entry_sh
    __rtentry2.o(.ARM.Collect$$rtentry$$00000008) refers to boardinit2.o(.text) for _platform_post_stackheap_init
    __rtentry2.o(.ARM.Collect$$rtentry$$0000000A) refers to libinit.o(.ARM.Collect$$libinit$$00000000) for __rt_lib_init
    __rtentry2.o(.ARM.Collect$$rtentry$$0000000B) refers to boardinit3.o(.text) for _platform_post_lib_init
    __rtentry2.o(.ARM.Collect$$rtentry$$0000000D) refers to main.o(.text.main) for main
    __rtentry2.o(.ARM.Collect$$rtentry$$0000000D) refers to exit.o(.text) for exit
    __rtentry2.o(.ARM.exidx) refers to __rtentry2.o(.ARM.Collect$$rtentry$$00000001) for .ARM.Collect$$rtentry$$00000001
    __rtentry2.o(.ARM.exidx) refers to __rtentry2.o(.ARM.Collect$$rtentry$$00000008) for .ARM.Collect$$rtentry$$00000008
    __rtentry2.o(.ARM.exidx) refers to __rtentry2.o(.ARM.Collect$$rtentry$$0000000A) for .ARM.Collect$$rtentry$$0000000A
    __rtentry2.o(.ARM.exidx) refers to __rtentry2.o(.ARM.Collect$$rtentry$$0000000B) for .ARM.Collect$$rtentry$$0000000B
    __rtentry2.o(.ARM.exidx) refers to __rtentry2.o(.ARM.Collect$$rtentry$$0000000D) for .ARM.Collect$$rtentry$$0000000D
    __rtentry4.o(.ARM.Collect$$rtentry$$00000004) refers to sys_stackheap_outer.o(.text) for __user_setup_stackheap
    __rtentry4.o(.ARM.exidx) refers to __rtentry4.o(.ARM.Collect$$rtentry$$00000004) for .ARM.Collect$$rtentry$$00000004
    sys_stackheap_outer.o(.text) refers to libspace.o(.text) for __user_perproc_libspace
    sys_stackheap_outer.o(.text) refers to startup_tm4c123.o(.text) for __user_initial_stackheap
    exit.o(.text) refers to rtexit.o(.ARM.Collect$$rtexit$$00000000) for __rt_exit
    libinit.o(.ARM.Collect$$libinit$$00000000) refers (Special) to libinit2.o(.ARM.Collect$$libinit$$00000030) for __rt_lib_init_alloca_1
    libinit.o(.ARM.Collect$$libinit$$00000000) refers (Special) to libinit2.o(.ARM.Collect$$libinit$$0000002E) for __rt_lib_init_argv_1
    libinit.o(.ARM.Collect$$libinit$$00000000) refers (Special) to libinit2.o(.ARM.Collect$$libinit$$0000001D) for __rt_lib_init_atexit_1
    libinit.o(.ARM.Collect$$libinit$$00000000) refers (Special) to libinit2.o(.ARM.Collect$$libinit$$00000023) for __rt_lib_init_clock_1
    libinit.o(.ARM.Collect$$libinit$$00000000) refers (Special) to libinit2.o(.ARM.Collect$$libinit$$00000034) for __rt_lib_init_cpp_1
    libinit.o(.ARM.Collect$$libinit$$00000000) refers (Special) to libinit2.o(.ARM.Collect$$libinit$$00000032) for __rt_lib_init_exceptions_1
    libinit.o(.ARM.Collect$$libinit$$00000000) refers (Special) to libinit2.o(.ARM.Collect$$libinit$$00000001) for __rt_lib_init_fp_1
    libinit.o(.ARM.Collect$$libinit$$00000000) refers (Special) to libinit2.o(.ARM.Collect$$libinit$$00000021) for __rt_lib_init_fp_trap_1
    libinit.o(.ARM.Collect$$libinit$$00000000) refers (Special) to libinit2.o(.ARM.Collect$$libinit$$00000025) for __rt_lib_init_getenv_1
    libinit.o(.ARM.Collect$$libinit$$00000000) refers (Special) to libinit2.o(.ARM.Collect$$libinit$$0000000C) for __rt_lib_init_heap_1
    libinit.o(.ARM.Collect$$libinit$$00000000) refers (Special) to libinit2.o(.ARM.Collect$$libinit$$00000013) for __rt_lib_init_lc_collate_1
    libinit.o(.ARM.Collect$$libinit$$00000000) refers (Special) to libinit2.o(.ARM.Collect$$libinit$$00000015) for __rt_lib_init_lc_ctype_1
    libinit.o(.ARM.Collect$$libinit$$00000000) refers (Special) to libinit2.o(.ARM.Collect$$libinit$$00000017) for __rt_lib_init_lc_monetary_1
    libinit.o(.ARM.Collect$$libinit$$00000000) refers (Special) to libinit2.o(.ARM.Collect$$libinit$$00000019) for __rt_lib_init_lc_numeric_1
    libinit.o(.ARM.Collect$$libinit$$00000000) refers (Special) to libinit2.o(.ARM.Collect$$libinit$$0000001B) for __rt_lib_init_lc_time_1
    libinit.o(.ARM.Collect$$libinit$$00000000) refers (Special) to libinit2.o(.ARM.Collect$$libinit$$00000006) for __rt_lib_init_preinit_1
    libinit.o(.ARM.Collect$$libinit$$00000000) refers (Special) to libinit2.o(.ARM.Collect$$libinit$$00000010) for __rt_lib_init_rand_1
    libinit.o(.ARM.Collect$$libinit$$00000000) refers (Special) to libinit2.o(.ARM.Collect$$libinit$$00000004) for __rt_lib_init_relocate_pie_1
    libinit.o(.ARM.Collect$$libinit$$00000000) refers (Special) to libinit2.o(.ARM.Collect$$libinit$$00000035) for __rt_lib_init_return
    libinit.o(.ARM.Collect$$libinit$$00000000) refers (Special) to libinit2.o(.ARM.Collect$$libinit$$0000001F) for __rt_lib_init_signal_1
    libinit.o(.ARM.Collect$$libinit$$00000000) refers (Special) to libinit2.o(.ARM.Collect$$libinit$$00000027) for __rt_lib_init_stdio_1
    libinit.o(.ARM.Collect$$libinit$$00000000) refers (Special) to libinit2.o(.ARM.Collect$$libinit$$0000000E) for __rt_lib_init_user_alloc_1
    libspace.o(.text) refers to libspace.o(.bss) for __libspace_start
    rtexit.o(.ARM.Collect$$rtexit$$00000000) refers (Special) to rtexit2.o(.ARM.Collect$$rtexit$$00000004) for __rt_exit_exit
    rtexit.o(.ARM.Collect$$rtexit$$00000000) refers (Special) to rtexit2.o(.ARM.Collect$$rtexit$$00000003) for __rt_exit_ls
    rtexit.o(.ARM.Collect$$rtexit$$00000000) refers (Special) to rtexit2.o(.ARM.Collect$$rtexit$$00000002) for __rt_exit_prels_1
    rtexit.o(.ARM.exidx) refers (Special) to rtexit2.o(.ARM.Collect$$rtexit$$00000004) for __rt_exit_exit
    rtexit.o(.ARM.exidx) refers (Special) to rtexit2.o(.ARM.Collect$$rtexit$$00000003) for __rt_exit_ls
    rtexit.o(.ARM.exidx) refers (Special) to rtexit2.o(.ARM.Collect$$rtexit$$00000002) for __rt_exit_prels_1
    rtexit.o(.ARM.exidx) refers to rtexit.o(.ARM.Collect$$rtexit$$00000000) for .ARM.Collect$$rtexit$$00000000
    libinit2.o(.ARM.Collect$$libinit$$00000001) refers to fpinit.o(x$fpl$fpinit) for _fp_init
    libinit2.o(.ARM.Collect$$libinit$$00000012) refers to libinit2.o(.ARM.Collect$$libinit$$00000011) for .ARM.Collect$$libinit$$00000011
    libinit2.o(.ARM.Collect$$libinit$$00000014) refers to libinit2.o(.ARM.Collect$$libinit$$00000011) for .ARM.Collect$$libinit$$00000011
    libinit2.o(.ARM.Collect$$libinit$$00000016) refers to libinit2.o(.ARM.Collect$$libinit$$00000011) for .ARM.Collect$$libinit$$00000011
    libinit2.o(.ARM.Collect$$libinit$$00000018) refers to libinit2.o(.ARM.Collect$$libinit$$00000011) for .ARM.Collect$$libinit$$00000011
    libinit2.o(.ARM.Collect$$libinit$$0000001A) refers to libinit2.o(.ARM.Collect$$libinit$$00000011) for .ARM.Collect$$libinit$$00000011
    libinit2.o(.ARM.Collect$$libinit$$00000028) refers to argv_veneer.o(.emb_text) for __ARM_argv_veneer
    libinit2.o(.ARM.Collect$$libinit$$00000029) refers to argv_veneer.o(.emb_text) for __ARM_argv_veneer
    rtexit2.o(.ARM.Collect$$rtexit$$00000003) refers to libshutdown.o(.ARM.Collect$$libshutdown$$00000000) for __rt_lib_shutdown
    rtexit2.o(.ARM.Collect$$rtexit$$00000004) refers to sys_exit.o(.text) for _sys_exit
    rtexit2.o(.ARM.exidx) refers to rtexit2.o(.ARM.Collect$$rtexit$$00000001) for .ARM.Collect$$rtexit$$00000001
    rtexit2.o(.ARM.exidx) refers to rtexit2.o(.ARM.Collect$$rtexit$$00000003) for .ARM.Collect$$rtexit$$00000003
    rtexit2.o(.ARM.exidx) refers to rtexit2.o(.ARM.Collect$$rtexit$$00000004) for .ARM.Collect$$rtexit$$00000004
    argv_veneer.o(.emb_text) refers to no_argv.o(.text) for __ARM_get_argv
    sys_exit.o(.text) refers (Special) to use_no_semi.o(.text) for __I$use$semihosting
    sys_exit.o(.text) refers (Special) to indicate_semi.o(.text) for __semihosting_library_function
    sys_exit_hlt.o(.text) refers (Special) to use_no_semi.o(.text) for __I$use$semihosting
    sys_exit_hlt.o(.text) refers (Special) to indicate_semi.o(.text) for __semihosting_library_function
    _get_argv_nomalloc.o(.text) refers (Special) to hrguard.o(.text) for __heap_region$guard
    _get_argv_nomalloc.o(.text) refers to defsig_rtmem_outer.o(.text) for __rt_SIGRTMEM
    _get_argv_nomalloc.o(.text) refers to sys_command.o(.text) for _sys_command_string
    libshutdown.o(.ARM.Collect$$libshutdown$$00000000) refers (Special) to libshutdown2.o(.ARM.Collect$$libshutdown$$00000002) for __rt_lib_shutdown_cpp_1
    libshutdown.o(.ARM.Collect$$libshutdown$$00000000) refers (Special) to libshutdown2.o(.ARM.Collect$$libshutdown$$00000007) for __rt_lib_shutdown_fp_trap_1
    libshutdown.o(.ARM.Collect$$libshutdown$$00000000) refers (Special) to libshutdown2.o(.ARM.Collect$$libshutdown$$0000000F) for __rt_lib_shutdown_heap_1
    libshutdown.o(.ARM.Collect$$libshutdown$$00000000) refers (Special) to libshutdown2.o(.ARM.Collect$$libshutdown$$00000010) for __rt_lib_shutdown_return
    libshutdown.o(.ARM.Collect$$libshutdown$$00000000) refers (Special) to libshutdown2.o(.ARM.Collect$$libshutdown$$0000000A) for __rt_lib_shutdown_signal_1
    libshutdown.o(.ARM.Collect$$libshutdown$$00000000) refers (Special) to libshutdown2.o(.ARM.Collect$$libshutdown$$00000004) for __rt_lib_shutdown_stdio_1
    libshutdown.o(.ARM.Collect$$libshutdown$$00000000) refers (Special) to libshutdown2.o(.ARM.Collect$$libshutdown$$0000000C) for __rt_lib_shutdown_user_alloc_1
    sys_command.o(.text) refers (Special) to use_no_semi.o(.text) for __I$use$semihosting
    sys_command.o(.text) refers (Special) to indicate_semi.o(.text) for __semihosting_library_function
    sys_command_hlt.o(.text) refers (Special) to use_no_semi.o(.text) for __I$use$semihosting
    sys_command_hlt.o(.text) refers (Special) to indicate_semi.o(.text) for __semihosting_library_function
    defsig_rtmem_outer.o(.text) refers to defsig_rtmem_inner.o(.text) for __rt_SIGRTMEM_inner
    defsig_rtmem_outer.o(.text) refers to defsig_exit.o(.text) for __sig_exit
    defsig_rtmem_formal.o(.text) refers to rt_raise.o(.text) for __rt_raise
    rt_raise.o(.text) refers to __raise.o(.text) for __raise
    rt_raise.o(.text) refers to sys_exit.o(.text) for _sys_exit
    defsig_exit.o(.text) refers to sys_exit.o(.text) for _sys_exit
    defsig_rtmem_inner.o(.text) refers to defsig_general.o(.text) for __default_signal_display
    __raise.o(.text) refers to defsig.o(CL$$defsig) for __default_signal_handler
    defsig_general.o(.text) refers to sys_wrch.o(.text) for _ttywrch
    sys_wrch.o(.text) refers (Special) to use_no_semi.o(.text) for __I$use$semihosting
    sys_wrch.o(.text) refers (Special) to indicate_semi.o(.text) for __semihosting_library_function
    sys_wrch_hlt.o(.text) refers (Special) to use_no_semi.o(.text) for __I$use$semihosting
    sys_wrch_hlt.o(.text) refers (Special) to indicate_semi.o(.text) for __semihosting_library_function
    defsig.o(CL$$defsig) refers to defsig_rtmem_inner.o(.text) for __rt_SIGRTMEM_inner
    defsig_abrt_inner.o(.text) refers to defsig_general.o(.text) for __default_signal_display
    defsig_fpe_inner.o(.text) refers to defsig_general.o(.text) for __default_signal_display
    defsig_rtred_inner.o(.text) refers to defsig_general.o(.text) for __default_signal_display
    defsig_stak_inner.o(.text) refers to defsig_general.o(.text) for __default_signal_display
    defsig_pvfn_inner.o(.text) refers to defsig_general.o(.text) for __default_signal_display
    defsig_cppl_inner.o(.text) refers to defsig_general.o(.text) for __default_signal_display
    defsig_segv_inner.o(.text) refers to defsig_general.o(.text) for __default_signal_display
    defsig_other.o(.text) refers to defsig_general.o(.text) for __default_signal_display


==============================================================================

Removing Unused input sections from the image.

    Removing cortex_os_porting.o(.text), (0 bytes).
    Removing cortex_os_porting.o(.ARM.exidx.text.HardFault_Handler), (8 bytes).
    Removing cortex_os_porting.o(.ARM.exidx.text.MemManage_Handler), (8 bytes).
    Removing cortex_os_porting.o(.ARM.exidx.text.BusFault_Handler), (8 bytes).
    Removing cortex_os_porting.o(.ARM.exidx.text.UsageFault_Handler), (8 bytes).
    Removing cortex_os_porting.o(.ARM.exidx.text.SVC_Handler), (8 bytes).
    Removing cortex_os_porting.o(.ARM.exidx.text.TriggerPendSV), (8 bytes).
    Removing cortex_os_porting.o(.ARM.exidx.text.HW_Init), (8 bytes).
    Removing cortex_os_porting.o(.ARM.exidx.text.Start_Ticker), (8 bytes).
    Removing cortex_os_porting.o(.ARM.exidx.text.SysTick_Handler), (8 bytes).
    Removing cortex_os_porting.o(.bss.d), (4 bytes).
    Removing main.o(.text), (0 bytes).
    Removing main.o(.ARM.exidx.text.task1), (8 bytes).
    Removing main.o(.ARM.exidx.text.task2), (8 bytes).
    Removing main.o(.ARM.exidx.text.task3), (8 bytes).
    Removing main.o(.ARM.exidx.text.task4), (8 bytes).
    Removing main.o(.ARM.exidx.text.main), (8 bytes).
    Removing main.o(.ARM.use_no_argv), (4 bytes).
    Removing martos.o(.text), (0 bytes).
    Removing martos.o(.ARM.exidx.text.RTOS_IDLE), (8 bytes).
    Removing martos.o(.ARM.exidx.text.RTOS_Create_MainStack), (8 bytes).
    Removing martos.o(.ARM.exidx.text.MTaskCreate), (8 bytes).
    Removing martos.o(.ARM.exidx.text.RTOS_CreateTask), (8 bytes).
    Removing martos.o(.ARM.exidx.text.STARTOS), (8 bytes).
    Removing martos.o(.ARM.exidx.text.SORT), (8 bytes).
    Removing martos.o(.ARM.exidx.text.RTOS_ActivateTask), (8 bytes).
    Removing martos.o(.ARM.exidx.text.RTOS_Init), (8 bytes).
    Removing martos.o(.ARM.exidx.text.RTOS_Create_TaskStack), (8 bytes).
    Removing martos.o(.text.DecrementTicks), (128 bytes).
    Removing martos.o(.ARM.exidx.text.DecrementTicks), (8 bytes).
    Removing martos.o(.ARM.exidx.text.RTOS_Update_Schedule_Tables), (8 bytes).
    Removing martos.o(.ARM.exidx.text.WhatIsNext), (8 bytes).
    Removing martos.o(.text.OS_SVC), (8 bytes).
    Removing martos.o(.ARM.exidx.text.OS_SVC), (8 bytes).
    Removing martos.o(.text.RTOS_TerminateTask), (16 bytes).
    Removing martos.o(.ARM.exidx.text.RTOS_TerminateTask), (8 bytes).
    Removing martos.o(.ARM.exidx.text.RTOS_TaskWait), (8 bytes).
    Removing martos.o(.ARM.exidx.text.PendSV_Handler), (8 bytes).
    Removing martos.o(.bss.CurrentTask), (4 bytes).
    Removing martos.o(.bss.NextTask), (4 bytes).
    Removing rtos_fifo.o(.text), (0 bytes).
    Removing rtos_fifo.o(.ARM.exidx.text.FIFO_Init), (8 bytes).
    Removing rtos_fifo.o(.ARM.exidx.text.FIFO_Add), (8 bytes).
    Removing rtos_fifo.o(.ARM.exidx.text.FIFO_Get), (8 bytes).
    Removing rtos_fifo.o(.ARM.exidx.text.FIFO_Peek), (8 bytes).
    Removing rtos_fifo.o(.text.FIFO_IsEmpty), (20 bytes).
    Removing rtos_fifo.o(.ARM.exidx.text.FIFO_IsEmpty), (8 bytes).
    Removing rtos_fifo.o(.text.FIFO_TasksCount), (14 bytes).
    Removing rtos_fifo.o(.ARM.exidx.text.FIFO_TasksCount), (8 bytes).
    Removing scheduler.o(.text), (0 bytes).
    Removing system_tm4c123.o(.text), (0 bytes).
    Removing system_tm4c123.o(.text.SystemCoreClockUpdate), (326 bytes).
    Removing system_tm4c123.o(.ARM.exidx.text.SystemCoreClockUpdate), (8 bytes).
    Removing system_tm4c123.o(.text.getOscClk), (360 bytes).
    Removing system_tm4c123.o(.ARM.exidx.text.getOscClk), (8 bytes).
    Removing system_tm4c123.o(.ARM.exidx.text.SystemInit), (8 bytes).
    Removing system_tm4c123.o(.data.SystemCoreClock), (4 bytes).

57 unused section(s) (total 1204 bytes) removed from the image.

==============================================================================

Image Symbol Table

    Local Symbols

    Symbol Name                              Value     Ov Type        Size  Object(Section)

    ../clib/angel/boardlib.s                 0x00000000   Number         0  boardinit1.o ABSOLUTE
    ../clib/angel/boardlib.s                 0x00000000   Number         0  boardinit2.o ABSOLUTE
    ../clib/angel/boardlib.s                 0x00000000   Number         0  boardinit3.o ABSOLUTE
    ../clib/angel/boardlib.s                 0x00000000   Number         0  boardshut.o ABSOLUTE
    ../clib/angel/handlers.s                 0x00000000   Number         0  __scatter_zi.o ABSOLUTE
    ../clib/angel/kernel.s                   0x00000000   Number         0  __rtentry.o ABSOLUTE
    ../clib/angel/kernel.s                   0x00000000   Number         0  __rtentry2.o ABSOLUTE
    ../clib/angel/kernel.s                   0x00000000   Number         0  __rtentry4.o ABSOLUTE
    ../clib/angel/kernel.s                   0x00000000   Number         0  rtexit.o ABSOLUTE
    ../clib/angel/kernel.s                   0x00000000   Number         0  rtexit2.o ABSOLUTE
    ../clib/angel/rt.s                       0x00000000   Number         0  rt_raise.o ABSOLUTE
    ../clib/angel/scatter.s                  0x00000000   Number         0  __scatter.o ABSOLUTE
    ../clib/angel/startup.s                  0x00000000   Number         0  __main.o ABSOLUTE
    ../clib/angel/sys.s                      0x00000000   Number         0  sys_stackheap_outer.o ABSOLUTE
    ../clib/angel/sys.s                      0x00000000   Number         0  libspace.o ABSOLUTE
    ../clib/angel/sys.s                      0x00000000   Number         0  use_no_semi.o ABSOLUTE
    ../clib/angel/sys.s                      0x00000000   Number         0  indicate_semi.o ABSOLUTE
    ../clib/angel/sysapp.c                   0x00000000   Number         0  sys_exit.o ABSOLUTE
    ../clib/angel/sysapp.c                   0x00000000   Number         0  sys_exit_hlt.o ABSOLUTE
    ../clib/angel/sysapp.c                   0x00000000   Number         0  sys_command.o ABSOLUTE
    ../clib/angel/sysapp.c                   0x00000000   Number         0  sys_command_hlt.o ABSOLUTE
    ../clib/angel/sysapp.c                   0x00000000   Number         0  sys_wrch.o ABSOLUTE
    ../clib/angel/sysapp.c                   0x00000000   Number         0  sys_wrch_hlt.o ABSOLUTE
    ../clib/armsys.c                         0x00000000   Number         0  argv_veneer.o ABSOLUTE
    ../clib/armsys.c                         0x00000000   Number         0  argv_veneer.o ABSOLUTE
    ../clib/armsys.c                         0x00000000   Number         0  _get_argv_nomalloc.o ABSOLUTE
    ../clib/armsys.c                         0x00000000   Number         0  no_argv.o ABSOLUTE
    ../clib/heapalloc.c                      0x00000000   Number         0  hrguard.o ABSOLUTE
    ../clib/heapaux.c                        0x00000000   Number         0  heapauxi.o ABSOLUTE
    ../clib/libinit.s                        0x00000000   Number         0  libinit.o ABSOLUTE
    ../clib/libinit.s                        0x00000000   Number         0  libinit2.o ABSOLUTE
    ../clib/libinit.s                        0x00000000   Number         0  libshutdown.o ABSOLUTE
    ../clib/libinit.s                        0x00000000   Number         0  libshutdown2.o ABSOLUTE
    ../clib/signal.c                         0x00000000   Number         0  defsig_rtmem_outer.o ABSOLUTE
    ../clib/signal.c                         0x00000000   Number         0  defsig_rtmem_formal.o ABSOLUTE
    ../clib/signal.c                         0x00000000   Number         0  defsig_exit.o ABSOLUTE
    ../clib/signal.c                         0x00000000   Number         0  defsig_rtmem_inner.o ABSOLUTE
    ../clib/signal.c                         0x00000000   Number         0  __raise.o ABSOLUTE
    ../clib/signal.c                         0x00000000   Number         0  defsig_general.o ABSOLUTE
    ../clib/signal.c                         0x00000000   Number         0  defsig_abrt_inner.o ABSOLUTE
    ../clib/signal.c                         0x00000000   Number         0  defsig_fpe_inner.o ABSOLUTE
    ../clib/signal.c                         0x00000000   Number         0  defsig_rtred_inner.o ABSOLUTE
    ../clib/signal.c                         0x00000000   Number         0  defsig_stak_inner.o ABSOLUTE
    ../clib/signal.c                         0x00000000   Number         0  defsig_pvfn_inner.o ABSOLUTE
    ../clib/signal.c                         0x00000000   Number         0  defsig_cppl_inner.o ABSOLUTE
    ../clib/signal.c                         0x00000000   Number         0  defsig_segv_inner.o ABSOLUTE
    ../clib/signal.c                         0x00000000   Number         0  defsig_other.o ABSOLUTE
    ../clib/signal.s                         0x00000000   Number         0  defsig.o ABSOLUTE
    ../clib/stdlib.c                         0x00000000   Number         0  exit.o ABSOLUTE
    ../clib/string.c                         0x00000000   Number         0  strcpy.o ABSOLUTE
    ../fplib/fpinit.s                        0x00000000   Number         0  fpinit.o ABSOLUTE
    Cortex_OS_Porting.c                      0x00000000   Number         0  cortex_os_porting.o ABSOLUTE
    MaRTOS.c                                 0x00000000   Number         0  martos.o ABSOLUTE
    RTE/Device/TM4C123GH6PM/startup_TM4C123.s 0x00000000   Number         0  startup_tm4c123.o ABSOLUTE
    RTOS_FIFO.c                              0x00000000   Number         0  rtos_fifo.o ABSOLUTE
    Scheduler.c                              0x00000000   Number         0  scheduler.o ABSOLUTE
    dc.s                                     0x00000000   Number         0  dc.o ABSOLUTE
    main.c                                   0x00000000   Number         0  main.o ABSOLUTE
    system_TM4C123.c                         0x00000000   Number         0  system_tm4c123.o ABSOLUTE
    RESET                                    0x00000000   Section      620  startup_tm4c123.o(RESET)
    !!!main                                  0x0000026c   Section        8  __main.o(!!!main)
    !!!scatter                               0x00000274   Section       52  __scatter.o(!!!scatter)
    !!handler_zi                             0x000002a8   Section       28  __scatter_zi.o(!!handler_zi)
    .ARM.Collect$$libinit$$00000000          0x000002c4   Section        2  libinit.o(.ARM.Collect$$libinit$$00000000)
    .ARM.Collect$$libinit$$00000001          0x000002c6   Section        4  libinit2.o(.ARM.Collect$$libinit$$00000001)
    .ARM.Collect$$libinit$$00000004          0x000002ca   Section        0  libinit2.o(.ARM.Collect$$libinit$$00000004)
    .ARM.Collect$$libinit$$00000006          0x000002ca   Section        0  libinit2.o(.ARM.Collect$$libinit$$00000006)
    .ARM.Collect$$libinit$$0000000C          0x000002ca   Section        0  libinit2.o(.ARM.Collect$$libinit$$0000000C)
    .ARM.Collect$$libinit$$0000000E          0x000002ca   Section        0  libinit2.o(.ARM.Collect$$libinit$$0000000E)
    .ARM.Collect$$libinit$$00000010          0x000002ca   Section        0  libinit2.o(.ARM.Collect$$libinit$$00000010)
    .ARM.Collect$$libinit$$00000013          0x000002ca   Section        0  libinit2.o(.ARM.Collect$$libinit$$00000013)
    .ARM.Collect$$libinit$$00000015          0x000002ca   Section        0  libinit2.o(.ARM.Collect$$libinit$$00000015)
    .ARM.Collect$$libinit$$00000017          0x000002ca   Section        0  libinit2.o(.ARM.Collect$$libinit$$00000017)
    .ARM.Collect$$libinit$$00000019          0x000002ca   Section        0  libinit2.o(.ARM.Collect$$libinit$$00000019)
    .ARM.Collect$$libinit$$0000001B          0x000002ca   Section        0  libinit2.o(.ARM.Collect$$libinit$$0000001B)
    .ARM.Collect$$libinit$$0000001D          0x000002ca   Section        0  libinit2.o(.ARM.Collect$$libinit$$0000001D)
    .ARM.Collect$$libinit$$0000001F          0x000002ca   Section        0  libinit2.o(.ARM.Collect$$libinit$$0000001F)
    .ARM.Collect$$libinit$$00000021          0x000002ca   Section        0  libinit2.o(.ARM.Collect$$libinit$$00000021)
    .ARM.Collect$$libinit$$00000023          0x000002ca   Section        0  libinit2.o(.ARM.Collect$$libinit$$00000023)
    .ARM.Collect$$libinit$$00000025          0x000002ca   Section        0  libinit2.o(.ARM.Collect$$libinit$$00000025)
    .ARM.Collect$$libinit$$00000027          0x000002ca   Section        0  libinit2.o(.ARM.Collect$$libinit$$00000027)
    .ARM.Collect$$libinit$$0000002E          0x000002ca   Section        0  libinit2.o(.ARM.Collect$$libinit$$0000002E)
    .ARM.Collect$$libinit$$00000030          0x000002ca   Section        0  libinit2.o(.ARM.Collect$$libinit$$00000030)
    .ARM.Collect$$libinit$$00000032          0x000002ca   Section        0  libinit2.o(.ARM.Collect$$libinit$$00000032)
    .ARM.Collect$$libinit$$00000034          0x000002ca   Section        0  libinit2.o(.ARM.Collect$$libinit$$00000034)
    .ARM.Collect$$libinit$$00000035          0x000002ca   Section        2  libinit2.o(.ARM.Collect$$libinit$$00000035)
    .ARM.Collect$$libshutdown$$00000000      0x000002cc   Section        2  libshutdown.o(.ARM.Collect$$libshutdown$$00000000)
    .ARM.Collect$$libshutdown$$00000002      0x000002ce   Section        0  libshutdown2.o(.ARM.Collect$$libshutdown$$00000002)
    .ARM.Collect$$libshutdown$$00000004      0x000002ce   Section        0  libshutdown2.o(.ARM.Collect$$libshutdown$$00000004)
    .ARM.Collect$$libshutdown$$00000007      0x000002ce   Section        0  libshutdown2.o(.ARM.Collect$$libshutdown$$00000007)
    .ARM.Collect$$libshutdown$$0000000A      0x000002ce   Section        0  libshutdown2.o(.ARM.Collect$$libshutdown$$0000000A)
    .ARM.Collect$$libshutdown$$0000000C      0x000002ce   Section        0  libshutdown2.o(.ARM.Collect$$libshutdown$$0000000C)
    .ARM.Collect$$libshutdown$$0000000F      0x000002ce   Section        0  libshutdown2.o(.ARM.Collect$$libshutdown$$0000000F)
    .ARM.Collect$$libshutdown$$00000010      0x000002ce   Section        2  libshutdown2.o(.ARM.Collect$$libshutdown$$00000010)
    .ARM.Collect$$rtentry$$00000000          0x000002d0   Section        0  __rtentry.o(.ARM.Collect$$rtentry$$00000000)
    .ARM.Collect$$rtentry$$00000002          0x000002d0   Section        0  __rtentry2.o(.ARM.Collect$$rtentry$$00000002)
    .ARM.Collect$$rtentry$$00000004          0x000002d0   Section        6  __rtentry4.o(.ARM.Collect$$rtentry$$00000004)
    .ARM.Collect$$rtentry$$00000009          0x000002d6   Section        0  __rtentry2.o(.ARM.Collect$$rtentry$$00000009)
    .ARM.Collect$$rtentry$$0000000A          0x000002d6   Section        4  __rtentry2.o(.ARM.Collect$$rtentry$$0000000A)
    .ARM.Collect$$rtentry$$0000000C          0x000002da   Section        0  __rtentry2.o(.ARM.Collect$$rtentry$$0000000C)
    .ARM.Collect$$rtentry$$0000000D          0x000002da   Section        8  __rtentry2.o(.ARM.Collect$$rtentry$$0000000D)
    .ARM.Collect$$rtexit$$00000000           0x000002e2   Section        2  rtexit.o(.ARM.Collect$$rtexit$$00000000)
    .ARM.Collect$$rtexit$$00000002           0x000002e4   Section        0  rtexit2.o(.ARM.Collect$$rtexit$$00000002)
    .ARM.Collect$$rtexit$$00000003           0x000002e4   Section        4  rtexit2.o(.ARM.Collect$$rtexit$$00000003)
    .ARM.Collect$$rtexit$$00000004           0x000002e8   Section        6  rtexit2.o(.ARM.Collect$$rtexit$$00000004)
    $v0                                      0x000002f0   Number         0  startup_tm4c123.o(.text)
    .text                                    0x000002f0   Section      276  startup_tm4c123.o(.text)
    .text                                    0x00000404   Section        0  strcpy.o(.text)
    .text                                    0x0000044c   Section        0  heapauxi.o(.text)
    .text                                    0x00000452   Section       74  sys_stackheap_outer.o(.text)
    .text                                    0x0000049c   Section        0  exit.o(.text)
    .text                                    0x000004b0   Section        8  libspace.o(.text)
    .text                                    0x000004b8   Section        0  sys_exit.o(.text)
    .text                                    0x000004c4   Section        2  use_no_semi.o(.text)
    .text                                    0x000004c6   Section        0  indicate_semi.o(.text)
    [Anonymous Symbol]                       0x000004c8   Section        0  cortex_os_porting.o(.text.BusFault_Handler)
    [Anonymous Symbol]                       0x000004cc   Section        0  rtos_fifo.o(.text.FIFO_Add)
    [Anonymous Symbol]                       0x00000544   Section        0  rtos_fifo.o(.text.FIFO_Get)
    [Anonymous Symbol]                       0x00000604   Section        0  rtos_fifo.o(.text.FIFO_Init)
    [Anonymous Symbol]                       0x00000660   Section        0  rtos_fifo.o(.text.FIFO_Peek)
    [Anonymous Symbol]                       0x00000670   Section        0  cortex_os_porting.o(.text.HW_Init)
    [Anonymous Symbol]                       0x000006a8   Section        0  cortex_os_porting.o(.text.HardFault_Handler)
    [Anonymous Symbol]                       0x000006ac   Section        0  martos.o(.text.MTaskCreate)
    [Anonymous Symbol]                       0x000006e8   Section        0  cortex_os_porting.o(.text.MemManage_Handler)
    [Anonymous Symbol]                       0x000006ec   Section        0  martos.o(.text.PendSV_Handler)
    [Anonymous Symbol]                       0x00000888   Section        0  martos.o(.text.RTOS_ActivateTask)
    [Anonymous Symbol]                       0x00000898   Section        0  martos.o(.text.RTOS_CreateTask)
    [Anonymous Symbol]                       0x000008fc   Section        0  martos.o(.text.RTOS_Create_MainStack)
    [Anonymous Symbol]                       0x00000928   Section        0  martos.o(.text.RTOS_Create_TaskStack)
    [Anonymous Symbol]                       0x00000994   Section        0  martos.o(.text.RTOS_IDLE)
    [Anonymous Symbol]                       0x000009b0   Section        0  martos.o(.text.RTOS_Init)
    [Anonymous Symbol]                       0x000009f0   Section        0  martos.o(.text.RTOS_TaskWait)
    [Anonymous Symbol]                       0x00000a20   Section        0  martos.o(.text.RTOS_Update_Schedule_Tables)
    [Anonymous Symbol]                       0x00000ac4   Section        0  martos.o(.text.SORT)
    [Anonymous Symbol]                       0x00000b5c   Section        0  martos.o(.text.STARTOS)
    [Anonymous Symbol]                       0x00000bd8   Section        0  cortex_os_porting.o(.text.SVC_Handler)
    [Anonymous Symbol]                       0x00000be8   Section        0  cortex_os_porting.o(.text.Start_Ticker)
    [Anonymous Symbol]                       0x00000c18   Section        0  cortex_os_porting.o(.text.SysTick_Handler)
    [Anonymous Symbol]                       0x00000c20   Section        0  system_tm4c123.o(.text.SystemInit)
    [Anonymous Symbol]                       0x00000d2c   Section        0  cortex_os_porting.o(.text.TriggerPendSV)
    [Anonymous Symbol]                       0x00000d5c   Section        0  cortex_os_porting.o(.text.UsageFault_Handler)
    [Anonymous Symbol]                       0x00000d60   Section        0  martos.o(.text.WhatIsNext)
    [Anonymous Symbol]                       0x00000e18   Section        0  main.o(.text.main)
    [Anonymous Symbol]                       0x00000ef0   Section        0  main.o(.text.task1)
    [Anonymous Symbol]                       0x00000f04   Section        0  main.o(.text.task2)
    [Anonymous Symbol]                       0x00000f18   Section        0  main.o(.text.task3)
    [Anonymous Symbol]                       0x00000f40   Section        0  main.o(.text.task4)
    $v0                                      0x00000f74   Number         0  fpinit.o(x$fpl$fpinit)
    x$fpl$fpinit                             0x00000f74   Section       26  fpinit.o(x$fpl$fpinit)
    .L.str                                   0x00000f8e   Data           6  main.o(.rodata.str1.1)
    [Anonymous Symbol]                       0x00000f8e   Section        0  main.o(.rodata.str1.1)
    .L.str.1                                 0x00000f94   Data           6  main.o(.rodata.str1.1)
    .L.str.2                                 0x00000f9a   Data           6  main.o(.rodata.str1.1)
    .L.str.3                                 0x00000fa0   Data           6  main.o(.rodata.str1.1)
    .bss                                     0x20000000   Section       96  libspace.o(.bss)
    RTOS_FIFO                                0x20000210   Data           4  rtos_fifo.o(.bss.RTOS_FIFO)
    [Anonymous Symbol]                       0x20000210   Section        0  rtos_fifo.o(.bss.RTOS_FIFO)
    Heap_Mem                                 0x20000558   Data           0  startup_tm4c123.o(HEAP)
    Stack_Mem                                0x20000558   Data         512  startup_tm4c123.o(STACK)
    HEAP                                     0x20000558   Section        0  startup_tm4c123.o(HEAP)
    STACK                                    0x20000558   Section      512  startup_tm4c123.o(STACK)
    __initial_sp                             0x20000758   Data           0  startup_tm4c123.o(STACK)

    Global Symbols

    Symbol Name                              Value     Ov Type        Size  Object(Section)

    BuildAttributes$$THM_ISAv4$E$P$D$K$B$S$7EM$VFPi3$EXTD16$VFPS$VFMA$PE$A:L22UL41UL21$X:L11$S22US41US21$IEEE1$IW$~IW$USESV6$~STKCKD$USESV7$~SHL$OSPACE$ROPI$EBA8$UX$STANDARDLIB$REQ8$PRES8$EABIv2 0x00000000   Number         0  anon$$obj.o ABSOLUTE
    __Vectors                                0x00000000   Data           4  startup_tm4c123.o(RESET)
    __ARM_exceptions_init                     - Undefined Weak Reference
    __alloca_initialize                       - Undefined Weak Reference
    __arm_preinit_                            - Undefined Weak Reference
    __arm_relocate_pie_                       - Undefined Weak Reference
    __cpp_initialize__aeabi_                  - Undefined Weak Reference
    __cxa_finalize                            - Undefined Weak Reference
    __rt_locale                               - Undefined Weak Reference
    __sigvec_lookup                           - Undefined Weak Reference
    _atexit_init                              - Undefined Weak Reference
    _call_atexit_fns                          - Undefined Weak Reference
    _clock_init                               - Undefined Weak Reference
    _fp_trap_init                             - Undefined Weak Reference
    _fp_trap_shutdown                         - Undefined Weak Reference
    _get_lc_collate                           - Undefined Weak Reference
    _get_lc_ctype                             - Undefined Weak Reference
    _get_lc_monetary                          - Undefined Weak Reference
    _get_lc_numeric                           - Undefined Weak Reference
    _get_lc_time                              - Undefined Weak Reference
    _getenv_init                              - Undefined Weak Reference
    _handle_redirection                       - Undefined Weak Reference
    _init_alloc                               - Undefined Weak Reference
    _init_user_alloc                          - Undefined Weak Reference
    _initio                                   - Undefined Weak Reference
    _rand_init                                - Undefined Weak Reference
    _signal_finish                            - Undefined Weak Reference
    _signal_init                              - Undefined Weak Reference
    _terminate_alloc                          - Undefined Weak Reference
    _terminate_user_alloc                     - Undefined Weak Reference
    _terminateio                              - Undefined Weak Reference
    __Vectors_End                            0x0000026c   Data           0  startup_tm4c123.o(RESET)
    __Vectors_Size                           0x0000026c   Number         0  startup_tm4c123.o ABSOLUTE
    __main                                   0x0000026d   Thumb Code     8  __main.o(!!!main)
    __scatterload                            0x00000275   Thumb Code     0  __scatter.o(!!!scatter)
    __scatterload_rt2                        0x00000275   Thumb Code    44  __scatter.o(!!!scatter)
    __scatterload_rt2_thumb_only             0x00000275   Thumb Code     0  __scatter.o(!!!scatter)
    __scatterload_null                       0x00000283   Thumb Code     0  __scatter.o(!!!scatter)
    __scatterload_zeroinit                   0x000002a9   Thumb Code    28  __scatter_zi.o(!!handler_zi)
    __rt_lib_init                            0x000002c5   Thumb Code     0  libinit.o(.ARM.Collect$$libinit$$00000000)
    __rt_lib_init_fp_1                       0x000002c7   Thumb Code     0  libinit2.o(.ARM.Collect$$libinit$$00000001)
    __rt_lib_init_alloca_1                   0x000002cb   Thumb Code     0  libinit2.o(.ARM.Collect$$libinit$$00000030)
    __rt_lib_init_argv_1                     0x000002cb   Thumb Code     0  libinit2.o(.ARM.Collect$$libinit$$0000002E)
    __rt_lib_init_atexit_1                   0x000002cb   Thumb Code     0  libinit2.o(.ARM.Collect$$libinit$$0000001D)
    __rt_lib_init_clock_1                    0x000002cb   Thumb Code     0  libinit2.o(.ARM.Collect$$libinit$$00000023)
    __rt_lib_init_cpp_1                      0x000002cb   Thumb Code     0  libinit2.o(.ARM.Collect$$libinit$$00000034)
    __rt_lib_init_exceptions_1               0x000002cb   Thumb Code     0  libinit2.o(.ARM.Collect$$libinit$$00000032)
    __rt_lib_init_fp_trap_1                  0x000002cb   Thumb Code     0  libinit2.o(.ARM.Collect$$libinit$$00000021)
    __rt_lib_init_getenv_1                   0x000002cb   Thumb Code     0  libinit2.o(.ARM.Collect$$libinit$$00000025)
    __rt_lib_init_heap_1                     0x000002cb   Thumb Code     0  libinit2.o(.ARM.Collect$$libinit$$0000000C)
    __rt_lib_init_lc_collate_1               0x000002cb   Thumb Code     0  libinit2.o(.ARM.Collect$$libinit$$00000013)
    __rt_lib_init_lc_ctype_1                 0x000002cb   Thumb Code     0  libinit2.o(.ARM.Collect$$libinit$$00000015)
    __rt_lib_init_lc_monetary_1              0x000002cb   Thumb Code     0  libinit2.o(.ARM.Collect$$libinit$$00000017)
    __rt_lib_init_lc_numeric_1               0x000002cb   Thumb Code     0  libinit2.o(.ARM.Collect$$libinit$$00000019)
    __rt_lib_init_lc_time_1                  0x000002cb   Thumb Code     0  libinit2.o(.ARM.Collect$$libinit$$0000001B)
    __rt_lib_init_preinit_1                  0x000002cb   Thumb Code     0  libinit2.o(.ARM.Collect$$libinit$$00000006)
    __rt_lib_init_rand_1                     0x000002cb   Thumb Code     0  libinit2.o(.ARM.Collect$$libinit$$00000010)
    __rt_lib_init_relocate_pie_1             0x000002cb   Thumb Code     0  libinit2.o(.ARM.Collect$$libinit$$00000004)
    __rt_lib_init_return                     0x000002cb   Thumb Code     0  libinit2.o(.ARM.Collect$$libinit$$00000035)
    __rt_lib_init_signal_1                   0x000002cb   Thumb Code     0  libinit2.o(.ARM.Collect$$libinit$$0000001F)
    __rt_lib_init_stdio_1                    0x000002cb   Thumb Code     0  libinit2.o(.ARM.Collect$$libinit$$00000027)
    __rt_lib_init_user_alloc_1               0x000002cb   Thumb Code     0  libinit2.o(.ARM.Collect$$libinit$$0000000E)
    __rt_lib_shutdown                        0x000002cd   Thumb Code     0  libshutdown.o(.ARM.Collect$$libshutdown$$00000000)
    __rt_lib_shutdown_cpp_1                  0x000002cf   Thumb Code     0  libshutdown2.o(.ARM.Collect$$libshutdown$$00000002)
    __rt_lib_shutdown_fp_trap_1              0x000002cf   Thumb Code     0  libshutdown2.o(.ARM.Collect$$libshutdown$$00000007)
    __rt_lib_shutdown_heap_1                 0x000002cf   Thumb Code     0  libshutdown2.o(.ARM.Collect$$libshutdown$$0000000F)
    __rt_lib_shutdown_return                 0x000002cf   Thumb Code     0  libshutdown2.o(.ARM.Collect$$libshutdown$$00000010)
    __rt_lib_shutdown_signal_1               0x000002cf   Thumb Code     0  libshutdown2.o(.ARM.Collect$$libshutdown$$0000000A)
    __rt_lib_shutdown_stdio_1                0x000002cf   Thumb Code     0  libshutdown2.o(.ARM.Collect$$libshutdown$$00000004)
    __rt_lib_shutdown_user_alloc_1           0x000002cf   Thumb Code     0  libshutdown2.o(.ARM.Collect$$libshutdown$$0000000C)
    __rt_entry                               0x000002d1   Thumb Code     0  __rtentry.o(.ARM.Collect$$rtentry$$00000000)
    __rt_entry_presh_1                       0x000002d1   Thumb Code     0  __rtentry2.o(.ARM.Collect$$rtentry$$00000002)
    __rt_entry_sh                            0x000002d1   Thumb Code     0  __rtentry4.o(.ARM.Collect$$rtentry$$00000004)
    __rt_entry_li                            0x000002d7   Thumb Code     0  __rtentry2.o(.ARM.Collect$$rtentry$$0000000A)
    __rt_entry_postsh_1                      0x000002d7   Thumb Code     0  __rtentry2.o(.ARM.Collect$$rtentry$$00000009)
    __rt_entry_main                          0x000002db   Thumb Code     0  __rtentry2.o(.ARM.Collect$$rtentry$$0000000D)
    __rt_entry_postli_1                      0x000002db   Thumb Code     0  __rtentry2.o(.ARM.Collect$$rtentry$$0000000C)
    __rt_exit                                0x000002e3   Thumb Code     0  rtexit.o(.ARM.Collect$$rtexit$$00000000)
    __rt_exit_ls                             0x000002e5   Thumb Code     0  rtexit2.o(.ARM.Collect$$rtexit$$00000003)
    __rt_exit_prels_1                        0x000002e5   Thumb Code     0  rtexit2.o(.ARM.Collect$$rtexit$$00000002)
    __rt_exit_exit                           0x000002e9   Thumb Code     0  rtexit2.o(.ARM.Collect$$rtexit$$00000004)
    Reset_Handler                            0x000002f1   Thumb Code     8  startup_tm4c123.o(.text)
    NMI_Handler                              0x000002f9   Thumb Code     2  startup_tm4c123.o(.text)
    DebugMon_Handler                         0x00000305   Thumb Code     2  startup_tm4c123.o(.text)
    GPIOA_Handler                            0x0000030b   Thumb Code     2  startup_tm4c123.o(.text)
    GPIOB_Handler                            0x0000030d   Thumb Code     2  startup_tm4c123.o(.text)
    GPIOC_Handler                            0x0000030f   Thumb Code     2  startup_tm4c123.o(.text)
    GPIOD_Handler                            0x00000311   Thumb Code     2  startup_tm4c123.o(.text)
    GPIOE_Handler                            0x00000313   Thumb Code     2  startup_tm4c123.o(.text)
    UART0_Handler                            0x00000315   Thumb Code     2  startup_tm4c123.o(.text)
    UART1_Handler                            0x00000317   Thumb Code     2  startup_tm4c123.o(.text)
    SSI0_Handler                             0x00000319   Thumb Code     2  startup_tm4c123.o(.text)
    I2C0_Handler                             0x0000031b   Thumb Code     2  startup_tm4c123.o(.text)
    PMW0_FAULT_Handler                       0x0000031d   Thumb Code     2  startup_tm4c123.o(.text)
    PWM0_0_Handler                           0x0000031f   Thumb Code     2  startup_tm4c123.o(.text)
    PWM0_1_Handler                           0x00000321   Thumb Code     2  startup_tm4c123.o(.text)
    PWM0_2_Handler                           0x00000323   Thumb Code     2  startup_tm4c123.o(.text)
    QEI0_Handler                             0x00000325   Thumb Code     2  startup_tm4c123.o(.text)
    ADC0SS0_Handler                          0x00000327   Thumb Code     2  startup_tm4c123.o(.text)
    ADC0SS1_Handler                          0x00000329   Thumb Code     2  startup_tm4c123.o(.text)
    ADC0SS2_Handler                          0x0000032b   Thumb Code     2  startup_tm4c123.o(.text)
    ADC0SS3_Handler                          0x0000032d   Thumb Code     2  startup_tm4c123.o(.text)
    WDT0_Handler                             0x0000032f   Thumb Code     2  startup_tm4c123.o(.text)
    TIMER0A_Handler                          0x00000331   Thumb Code     2  startup_tm4c123.o(.text)
    TIMER0B_Handler                          0x00000333   Thumb Code     2  startup_tm4c123.o(.text)
    TIMER1A_Handler                          0x00000335   Thumb Code     2  startup_tm4c123.o(.text)
    TIMER1B_Handler                          0x00000337   Thumb Code     2  startup_tm4c123.o(.text)
    TIMER2A_Handler                          0x00000339   Thumb Code     2  startup_tm4c123.o(.text)
    TIMER2B_Handler                          0x0000033b   Thumb Code     2  startup_tm4c123.o(.text)
    COMP0_Handler                            0x0000033d   Thumb Code     2  startup_tm4c123.o(.text)
    COMP1_Handler                            0x0000033f   Thumb Code     2  startup_tm4c123.o(.text)
    COMP2_Handler                            0x00000341   Thumb Code     2  startup_tm4c123.o(.text)
    SYSCTL_Handler                           0x00000343   Thumb Code     2  startup_tm4c123.o(.text)
    FLASH_Handler                            0x00000345   Thumb Code     2  startup_tm4c123.o(.text)
    GPIOF_Handler                            0x00000347   Thumb Code     2  startup_tm4c123.o(.text)
    GPIOG_Handler                            0x00000349   Thumb Code     2  startup_tm4c123.o(.text)
    GPIOH_Handler                            0x0000034b   Thumb Code     2  startup_tm4c123.o(.text)
    UART2_Handler                            0x0000034d   Thumb Code     2  startup_tm4c123.o(.text)
    SSI1_Handler                             0x0000034f   Thumb Code     2  startup_tm4c123.o(.text)
    TIMER3A_Handler                          0x00000351   Thumb Code     2  startup_tm4c123.o(.text)
    TIMER3B_Handler                          0x00000353   Thumb Code     2  startup_tm4c123.o(.text)
    I2C1_Handler                             0x00000355   Thumb Code     2  startup_tm4c123.o(.text)
    QEI1_Handler                             0x00000357   Thumb Code     2  startup_tm4c123.o(.text)
    CAN0_Handler                             0x00000359   Thumb Code     2  startup_tm4c123.o(.text)
    CAN1_Handler                             0x0000035b   Thumb Code     2  startup_tm4c123.o(.text)
    CAN2_Handler                             0x0000035d   Thumb Code     2  startup_tm4c123.o(.text)
    HIB_Handler                              0x0000035f   Thumb Code     2  startup_tm4c123.o(.text)
    USB0_Handler                             0x00000361   Thumb Code     2  startup_tm4c123.o(.text)
    PWM0_3_Handler                           0x00000363   Thumb Code     2  startup_tm4c123.o(.text)
    UDMA_Handler                             0x00000365   Thumb Code     2  startup_tm4c123.o(.text)
    UDMAERR_Handler                          0x00000367   Thumb Code     2  startup_tm4c123.o(.text)
    ADC1SS0_Handler                          0x00000369   Thumb Code     2  startup_tm4c123.o(.text)
    ADC1SS1_Handler                          0x0000036b   Thumb Code     2  startup_tm4c123.o(.text)
    ADC1SS2_Handler                          0x0000036d   Thumb Code     2  startup_tm4c123.o(.text)
    ADC1SS3_Handler                          0x0000036f   Thumb Code     2  startup_tm4c123.o(.text)
    GPIOJ_Handler                            0x00000371   Thumb Code     2  startup_tm4c123.o(.text)
    GPIOK_Handler                            0x00000373   Thumb Code     2  startup_tm4c123.o(.text)
    GPIOL_Handler                            0x00000375   Thumb Code     2  startup_tm4c123.o(.text)
    SSI2_Handler                             0x00000377   Thumb Code     2  startup_tm4c123.o(.text)
    SSI3_Handler                             0x00000379   Thumb Code     2  startup_tm4c123.o(.text)
    UART3_Handler                            0x0000037b   Thumb Code     2  startup_tm4c123.o(.text)
    UART4_Handler                            0x0000037d   Thumb Code     2  startup_tm4c123.o(.text)
    UART5_Handler                            0x0000037f   Thumb Code     2  startup_tm4c123.o(.text)
    UART6_Handler                            0x00000381   Thumb Code     2  startup_tm4c123.o(.text)
    UART7_Handler                            0x00000383   Thumb Code     2  startup_tm4c123.o(.text)
    I2C2_Handler                             0x00000385   Thumb Code     2  startup_tm4c123.o(.text)
    I2C3_Handler                             0x00000387   Thumb Code     2  startup_tm4c123.o(.text)
    TIMER4A_Handler                          0x00000389   Thumb Code     2  startup_tm4c123.o(.text)
    TIMER4B_Handler                          0x0000038b   Thumb Code     2  startup_tm4c123.o(.text)
    TIMER5A_Handler                          0x0000038d   Thumb Code     2  startup_tm4c123.o(.text)
    TIMER5B_Handler                          0x0000038f   Thumb Code     2  startup_tm4c123.o(.text)
    WTIMER0A_Handler                         0x00000391   Thumb Code     2  startup_tm4c123.o(.text)
    WTIMER0B_Handler                         0x00000393   Thumb Code     2  startup_tm4c123.o(.text)
    WTIMER1A_Handler                         0x00000395   Thumb Code     2  startup_tm4c123.o(.text)
    WTIMER1B_Handler                         0x00000397   Thumb Code     2  startup_tm4c123.o(.text)
    WTIMER2A_Handler                         0x00000399   Thumb Code     2  startup_tm4c123.o(.text)
    WTIMER2B_Handler                         0x0000039b   Thumb Code     2  startup_tm4c123.o(.text)
    WTIMER3A_Handler                         0x0000039d   Thumb Code     2  startup_tm4c123.o(.text)
    WTIMER3B_Handler                         0x0000039f   Thumb Code     2  startup_tm4c123.o(.text)
    WTIMER4A_Handler                         0x000003a1   Thumb Code     2  startup_tm4c123.o(.text)
    WTIMER4B_Handler                         0x000003a3   Thumb Code     2  startup_tm4c123.o(.text)
    WTIMER5A_Handler                         0x000003a5   Thumb Code     2  startup_tm4c123.o(.text)
    WTIMER5B_Handler                         0x000003a7   Thumb Code     2  startup_tm4c123.o(.text)
    FPU_Handler                              0x000003a9   Thumb Code     2  startup_tm4c123.o(.text)
    I2C4_Handler                             0x000003ab   Thumb Code     2  startup_tm4c123.o(.text)
    I2C5_Handler                             0x000003ad   Thumb Code     2  startup_tm4c123.o(.text)
    GPIOM_Handler                            0x000003af   Thumb Code     2  startup_tm4c123.o(.text)
    GPION_Handler                            0x000003b1   Thumb Code     2  startup_tm4c123.o(.text)
    QEI2_Handler                             0x000003b3   Thumb Code     2  startup_tm4c123.o(.text)
    GPIOP0_Handler                           0x000003b5   Thumb Code     2  startup_tm4c123.o(.text)
    GPIOP1_Handler                           0x000003b7   Thumb Code     2  startup_tm4c123.o(.text)
    GPIOP2_Handler                           0x000003b9   Thumb Code     2  startup_tm4c123.o(.text)
    GPIOP3_Handler                           0x000003bb   Thumb Code     2  startup_tm4c123.o(.text)
    GPIOP4_Handler                           0x000003bd   Thumb Code     2  startup_tm4c123.o(.text)
    GPIOP5_Handler                           0x000003bf   Thumb Code     2  startup_tm4c123.o(.text)
    GPIOP6_Handler                           0x000003c1   Thumb Code     2  startup_tm4c123.o(.text)
    GPIOP7_Handler                           0x000003c3   Thumb Code     2  startup_tm4c123.o(.text)
    GPIOQ0_Handler                           0x000003c5   Thumb Code     2  startup_tm4c123.o(.text)
    GPIOQ1_Handler                           0x000003c7   Thumb Code     2  startup_tm4c123.o(.text)
    GPIOQ2_Handler                           0x000003c9   Thumb Code     2  startup_tm4c123.o(.text)
    GPIOQ3_Handler                           0x000003cb   Thumb Code     2  startup_tm4c123.o(.text)
    GPIOQ4_Handler                           0x000003cd   Thumb Code     2  startup_tm4c123.o(.text)
    GPIOQ5_Handler                           0x000003cf   Thumb Code     2  startup_tm4c123.o(.text)
    GPIOQ6_Handler                           0x000003d1   Thumb Code     2  startup_tm4c123.o(.text)
    GPIOQ7_Handler                           0x000003d3   Thumb Code     2  startup_tm4c123.o(.text)
    GPIOR_Handler                            0x000003d5   Thumb Code     2  startup_tm4c123.o(.text)
    GPIOS_Handler                            0x000003d7   Thumb Code     2  startup_tm4c123.o(.text)
    PMW1_0_Handler                           0x000003d9   Thumb Code     2  startup_tm4c123.o(.text)
    PWM1_1_Handler                           0x000003db   Thumb Code     2  startup_tm4c123.o(.text)
    PWM1_2_Handler                           0x000003dd   Thumb Code     2  startup_tm4c123.o(.text)
    PWM1_3_Handler                           0x000003df   Thumb Code     2  startup_tm4c123.o(.text)
    PWM1_FAULT_Handler                       0x000003e1   Thumb Code     2  startup_tm4c123.o(.text)
    __user_initial_stackheap                 0x000003e5   Thumb Code     0  startup_tm4c123.o(.text)
    strcpy                                   0x00000405   Thumb Code    72  strcpy.o(.text)
    __use_two_region_memory                  0x0000044d   Thumb Code     2  heapauxi.o(.text)
    __rt_heap_escrow$2region                 0x0000044f   Thumb Code     2  heapauxi.o(.text)
    __rt_heap_expand$2region                 0x00000451   Thumb Code     2  heapauxi.o(.text)
    __user_setup_stackheap                   0x00000453   Thumb Code    74  sys_stackheap_outer.o(.text)
    exit                                     0x0000049d   Thumb Code    18  exit.o(.text)
    __user_libspace                          0x000004b1   Thumb Code     8  libspace.o(.text)
    __user_perproc_libspace                  0x000004b1   Thumb Code     0  libspace.o(.text)
    __user_perthread_libspace                0x000004b1   Thumb Code     0  libspace.o(.text)
    _sys_exit                                0x000004b9   Thumb Code     8  sys_exit.o(.text)
    __I$use$semihosting                      0x000004c5   Thumb Code     0  use_no_semi.o(.text)
    __use_no_semihosting_swi                 0x000004c5   Thumb Code     2  use_no_semi.o(.text)
    __semihosting_library_function           0x000004c7   Thumb Code     0  indicate_semi.o(.text)
    BusFault_Handler                         0x000004c9   Thumb Code     4  cortex_os_porting.o(.text.BusFault_Handler)
    FIFO_Add                                 0x000004cd   Thumb Code   120  rtos_fifo.o(.text.FIFO_Add)
    FIFO_Get                                 0x00000545   Thumb Code   192  rtos_fifo.o(.text.FIFO_Get)
    FIFO_Init                                0x00000605   Thumb Code    90  rtos_fifo.o(.text.FIFO_Init)
    FIFO_Peek                                0x00000661   Thumb Code    16  rtos_fifo.o(.text.FIFO_Peek)
    HW_Init                                  0x00000671   Thumb Code    54  cortex_os_porting.o(.text.HW_Init)
    HardFault_Handler                        0x000006a9   Thumb Code     4  cortex_os_porting.o(.text.HardFault_Handler)
    MTaskCreate                              0x000006ad   Thumb Code    58  martos.o(.text.MTaskCreate)
    MemManage_Handler                        0x000006e9   Thumb Code     4  cortex_os_porting.o(.text.MemManage_Handler)
    PendSV_Handler                           0x000006ed   Thumb Code   410  martos.o(.text.PendSV_Handler)
    RTOS_ActivateTask                        0x00000889   Thumb Code    16  martos.o(.text.RTOS_ActivateTask)
    RTOS_CreateTask                          0x00000899   Thumb Code    98  martos.o(.text.RTOS_CreateTask)
    RTOS_Create_MainStack                    0x000008fd   Thumb Code    44  martos.o(.text.RTOS_Create_MainStack)
    RTOS_Create_TaskStack                    0x00000929   Thumb Code   106  martos.o(.text.RTOS_Create_TaskStack)
    RTOS_IDLE                                0x00000995   Thumb Code    26  martos.o(.text.RTOS_IDLE)
    RTOS_Init                                0x000009b1   Thumb Code    64  martos.o(.text.RTOS_Init)
    RTOS_TaskWait                            0x000009f1   Thumb Code    48  martos.o(.text.RTOS_TaskWait)
    RTOS_Update_Schedule_Tables              0x00000a21   Thumb Code   162  martos.o(.text.RTOS_Update_Schedule_Tables)
    SORT                                     0x00000ac5   Thumb Code   150  martos.o(.text.SORT)
    STARTOS                                  0x00000b5d   Thumb Code   122  martos.o(.text.STARTOS)
    SVC_Handler                              0x00000bd9   Thumb Code    14  cortex_os_porting.o(.text.SVC_Handler)
    Start_Ticker                             0x00000be9   Thumb Code    48  cortex_os_porting.o(.text.Start_Ticker)
    SysTick_Handler                          0x00000c19   Thumb Code     8  cortex_os_porting.o(.text.SysTick_Handler)
    SystemInit                               0x00000c21   Thumb Code   268  system_tm4c123.o(.text.SystemInit)
    TriggerPendSV                            0x00000d2d   Thumb Code    46  cortex_os_porting.o(.text.TriggerPendSV)
    UsageFault_Handler                       0x00000d5d   Thumb Code     4  cortex_os_porting.o(.text.UsageFault_Handler)
    WhatIsNext                               0x00000d61   Thumb Code   184  martos.o(.text.WhatIsNext)
    main                                     0x00000e19   Thumb Code   216  main.o(.text.main)
    task1                                    0x00000ef1   Thumb Code    18  main.o(.text.task1)
    task2                                    0x00000f05   Thumb Code    18  main.o(.text.task2)
    task3                                    0x00000f19   Thumb Code    38  main.o(.text.task3)
    task4                                    0x00000f41   Thumb Code    52  main.o(.text.task4)
    _fp_init                                 0x00000f75   Thumb Code    26  fpinit.o(x$fpl$fpinit)
    __fplib_config_fpu_vfp                   0x00000f8d   Thumb Code     0  fpinit.o(x$fpl$fpinit)
    __fplib_config_pureend_doubles           0x00000f8d   Thumb Code     0  fpinit.o(x$fpl$fpinit)
    Region$$Table$$Base                      0x00000fa8   Number         0  anon$$obj.o(Region$$Table)
    Region$$Table$$Limit                     0x00000fb8   Number         0  anon$$obj.o(Region$$Table)
    __libspace_start                         0x20000000   Data          96  libspace.o(.bss)
    OS_Control                               0x20000060   Data         432  martos.o(.bss.OS_Control)
    __temporary_stack_top$libspace           0x20000060   Data           0  libspace.o(.bss)
    RTOS_IdleTask                            0x20000214   Data          68  martos.o(.bss.RTOS_IdleTask)
    RTOS_IdleTask1                           0x20000258   Data          68  martos.o(.bss.RTOS_IdleTask1)
    ReadyQueue                               0x2000029c   Data          20  martos.o(.bss.ReadyQueue)
    ReadyQueueFIFO                           0x200002b0   Data         400  martos.o(.bss.ReadyQueueFIFO)
    TASK1                                    0x20000440   Data          68  main.o(.bss.TASK1)
    TASK2                                    0x20000484   Data          68  main.o(.bss.TASK2)
    TASK3                                    0x200004c8   Data          68  main.o(.bss.TASK3)
    TASK4                                    0x2000050c   Data          68  main.o(.bss.TASK4)
    TaskCount                                0x20000550   Data           1  martos.o(.bss.TaskCount)
    c                                        0x20000554   Data           4  main.o(.bss.c)



==============================================================================

Memory Map of the image

  Image Entry point : 0x000002f1

  Load Region LR_1 (Base: 0x00000000, Size: 0x00000fb8, Max: 0xffffffff, ABSOLUTE)

    Execution Region ER_RO (Exec base: 0x00000000, Load base: 0x00000000, Size: 0x00000fb8, Max: 0xffffffff, ABSOLUTE)

    Exec Addr    Load Addr    Size         Type   Attr      Idx    E Section Name        Object

    0x00000000   0x00000000   0x0000026c   Data   RO          121    RESET               startup_tm4c123.o
    0x0000026c   0x0000026c   0x00000008   Code   RO          148  * !!!main             c_w.l(__main.o)
    0x00000274   0x00000274   0x00000034   Code   RO          313    !!!scatter          c_w.l(__scatter.o)
    0x000002a8   0x000002a8   0x0000001c   Code   RO          315    !!handler_zi        c_w.l(__scatter_zi.o)
    0x000002c4   0x000002c4   0x00000002   Code   RO          175    .ARM.Collect$$libinit$$00000000  c_w.l(libinit.o)
    0x000002c6   0x000002c6   0x00000004   Code   RO          181    .ARM.Collect$$libinit$$00000001  c_w.l(libinit2.o)
    0x000002ca   0x000002ca   0x00000000   Code   RO          184    .ARM.Collect$$libinit$$00000004  c_w.l(libinit2.o)
    0x000002ca   0x000002ca   0x00000000   Code   RO          186    .ARM.Collect$$libinit$$00000006  c_w.l(libinit2.o)
    0x000002ca   0x000002ca   0x00000000   Code   RO          189    .ARM.Collect$$libinit$$0000000C  c_w.l(libinit2.o)
    0x000002ca   0x000002ca   0x00000000   Code   RO          191    .ARM.Collect$$libinit$$0000000E  c_w.l(libinit2.o)
    0x000002ca   0x000002ca   0x00000000   Code   RO          193    .ARM.Collect$$libinit$$00000010  c_w.l(libinit2.o)
    0x000002ca   0x000002ca   0x00000000   Code   RO          196    .ARM.Collect$$libinit$$00000013  c_w.l(libinit2.o)
    0x000002ca   0x000002ca   0x00000000   Code   RO          198    .ARM.Collect$$libinit$$00000015  c_w.l(libinit2.o)
    0x000002ca   0x000002ca   0x00000000   Code   RO          200    .ARM.Collect$$libinit$$00000017  c_w.l(libinit2.o)
    0x000002ca   0x000002ca   0x00000000   Code   RO          202    .ARM.Collect$$libinit$$00000019  c_w.l(libinit2.o)
    0x000002ca   0x000002ca   0x00000000   Code   RO          204    .ARM.Collect$$libinit$$0000001B  c_w.l(libinit2.o)
    0x000002ca   0x000002ca   0x00000000   Code   RO          206    .ARM.Collect$$libinit$$0000001D  c_w.l(libinit2.o)
    0x000002ca   0x000002ca   0x00000000   Code   RO          208    .ARM.Collect$$libinit$$0000001F  c_w.l(libinit2.o)
    0x000002ca   0x000002ca   0x00000000   Code   RO          210    .ARM.Collect$$libinit$$00000021  c_w.l(libinit2.o)
    0x000002ca   0x000002ca   0x00000000   Code   RO          212    .ARM.Collect$$libinit$$00000023  c_w.l(libinit2.o)
    0x000002ca   0x000002ca   0x00000000   Code   RO          214    .ARM.Collect$$libinit$$00000025  c_w.l(libinit2.o)
    0x000002ca   0x000002ca   0x00000000   Code   RO          216    .ARM.Collect$$libinit$$00000027  c_w.l(libinit2.o)
    0x000002ca   0x000002ca   0x00000000   Code   RO          220    .ARM.Collect$$libinit$$0000002E  c_w.l(libinit2.o)
    0x000002ca   0x000002ca   0x00000000   Code   RO          222    .ARM.Collect$$libinit$$00000030  c_w.l(libinit2.o)
    0x000002ca   0x000002ca   0x00000000   Code   RO          224    .ARM.Collect$$libinit$$00000032  c_w.l(libinit2.o)
    0x000002ca   0x000002ca   0x00000000   Code   RO          226    .ARM.Collect$$libinit$$00000034  c_w.l(libinit2.o)
    0x000002ca   0x000002ca   0x00000002   Code   RO          227    .ARM.Collect$$libinit$$00000035  c_w.l(libinit2.o)
    0x000002cc   0x000002cc   0x00000002   Code   RO          249    .ARM.Collect$$libshutdown$$00000000  c_w.l(libshutdown.o)
    0x000002ce   0x000002ce   0x00000000   Code   RO          264    .ARM.Collect$$libshutdown$$00000002  c_w.l(libshutdown2.o)
    0x000002ce   0x000002ce   0x00000000   Code   RO          266    .ARM.Collect$$libshutdown$$00000004  c_w.l(libshutdown2.o)
    0x000002ce   0x000002ce   0x00000000   Code   RO          269    .ARM.Collect$$libshutdown$$00000007  c_w.l(libshutdown2.o)
    0x000002ce   0x000002ce   0x00000000   Code   RO          272    .ARM.Collect$$libshutdown$$0000000A  c_w.l(libshutdown2.o)
    0x000002ce   0x000002ce   0x00000000   Code   RO          274    .ARM.Collect$$libshutdown$$0000000C  c_w.l(libshutdown2.o)
    0x000002ce   0x000002ce   0x00000000   Code   RO          277    .ARM.Collect$$libshutdown$$0000000F  c_w.l(libshutdown2.o)
    0x000002ce   0x000002ce   0x00000002   Code   RO          278    .ARM.Collect$$libshutdown$$00000010  c_w.l(libshutdown2.o)
    0x000002d0   0x000002d0   0x00000000   Code   RO          150    .ARM.Collect$$rtentry$$00000000  c_w.l(__rtentry.o)
    0x000002d0   0x000002d0   0x00000000   Code   RO          152    .ARM.Collect$$rtentry$$00000002  c_w.l(__rtentry2.o)
    0x000002d0   0x000002d0   0x00000006   Code   RO          164    .ARM.Collect$$rtentry$$00000004  c_w.l(__rtentry4.o)
    0x000002d6   0x000002d6   0x00000000   Code   RO          154    .ARM.Collect$$rtentry$$00000009  c_w.l(__rtentry2.o)
    0x000002d6   0x000002d6   0x00000004   Code   RO          155    .ARM.Collect$$rtentry$$0000000A  c_w.l(__rtentry2.o)
    0x000002da   0x000002da   0x00000000   Code   RO          157    .ARM.Collect$$rtentry$$0000000C  c_w.l(__rtentry2.o)
    0x000002da   0x000002da   0x00000008   Code   RO          158    .ARM.Collect$$rtentry$$0000000D  c_w.l(__rtentry2.o)
    0x000002e2   0x000002e2   0x00000002   Code   RO          179    .ARM.Collect$$rtexit$$00000000  c_w.l(rtexit.o)
    0x000002e4   0x000002e4   0x00000000   Code   RO          229    .ARM.Collect$$rtexit$$00000002  c_w.l(rtexit2.o)
    0x000002e4   0x000002e4   0x00000004   Code   RO          230    .ARM.Collect$$rtexit$$00000003  c_w.l(rtexit2.o)
    0x000002e8   0x000002e8   0x00000006   Code   RO          231    .ARM.Collect$$rtexit$$00000004  c_w.l(rtexit2.o)
    0x000002ee   0x000002ee   0x00000002   PAD
    0x000002f0   0x000002f0   0x00000114   Code   RO          122  * .text               startup_tm4c123.o
    0x00000404   0x00000404   0x00000048   Code   RO          144    .text               c_w.l(strcpy.o)
    0x0000044c   0x0000044c   0x00000006   Code   RO          146    .text               c_w.l(heapauxi.o)
    0x00000452   0x00000452   0x0000004a   Code   RO          166    .text               c_w.l(sys_stackheap_outer.o)
    0x0000049c   0x0000049c   0x00000012   Code   RO          168    .text               c_w.l(exit.o)
    0x000004ae   0x000004ae   0x00000002   PAD
    0x000004b0   0x000004b0   0x00000008   Code   RO          176    .text               c_w.l(libspace.o)
    0x000004b8   0x000004b8   0x0000000c   Code   RO          239    .text               c_w.l(sys_exit.o)
    0x000004c4   0x000004c4   0x00000002   Code   RO          254    .text               c_w.l(use_no_semi.o)
    0x000004c6   0x000004c6   0x00000000   Code   RO          256    .text               c_w.l(indicate_semi.o)
    0x000004c6   0x000004c6   0x00000002   PAD
    0x000004c8   0x000004c8   0x00000004   Code   RO            6    .text.BusFault_Handler  cortex_os_porting.o
    0x000004cc   0x000004cc   0x00000078   Code   RO          101    .text.FIFO_Add      rtos_fifo.o
    0x00000544   0x00000544   0x000000c0   Code   RO          103    .text.FIFO_Get      rtos_fifo.o
    0x00000604   0x00000604   0x0000005a   Code   RO           99    .text.FIFO_Init     rtos_fifo.o
    0x0000065e   0x0000065e   0x00000002   PAD
    0x00000660   0x00000660   0x00000010   Code   RO          105    .text.FIFO_Peek     rtos_fifo.o
    0x00000670   0x00000670   0x00000036   Code   RO           14    .text.HW_Init       cortex_os_porting.o
    0x000006a6   0x000006a6   0x00000002   PAD
    0x000006a8   0x000006a8   0x00000004   Code   RO            2    .text.HardFault_Handler  cortex_os_porting.o
    0x000006ac   0x000006ac   0x0000003a   Code   RO           56    .text.MTaskCreate   martos.o
    0x000006e6   0x000006e6   0x00000002   PAD
    0x000006e8   0x000006e8   0x00000004   Code   RO            4    .text.MemManage_Handler  cortex_os_porting.o
    0x000006ec   0x000006ec   0x0000019a   Code   RO           82    .text.PendSV_Handler  martos.o
    0x00000886   0x00000886   0x00000002   PAD
    0x00000888   0x00000888   0x00000010   Code   RO           64    .text.RTOS_ActivateTask  martos.o
    0x00000898   0x00000898   0x00000062   Code   RO           58    .text.RTOS_CreateTask  martos.o
    0x000008fa   0x000008fa   0x00000002   PAD
    0x000008fc   0x000008fc   0x0000002c   Code   RO           54    .text.RTOS_Create_MainStack  martos.o
    0x00000928   0x00000928   0x0000006a   Code   RO           68    .text.RTOS_Create_TaskStack  martos.o
    0x00000992   0x00000992   0x00000002   PAD
    0x00000994   0x00000994   0x0000001a   Code   RO           52    .text.RTOS_IDLE     martos.o
    0x000009ae   0x000009ae   0x00000002   PAD
    0x000009b0   0x000009b0   0x00000040   Code   RO           66    .text.RTOS_Init     martos.o
    0x000009f0   0x000009f0   0x00000030   Code   RO           80    .text.RTOS_TaskWait  martos.o
    0x00000a20   0x00000a20   0x000000a2   Code   RO           72    .text.RTOS_Update_Schedule_Tables  martos.o
    0x00000ac2   0x00000ac2   0x00000002   PAD
    0x00000ac4   0x00000ac4   0x00000096   Code   RO           62    .text.SORT          martos.o
    0x00000b5a   0x00000b5a   0x00000002   PAD
    0x00000b5c   0x00000b5c   0x0000007a   Code   RO           60    .text.STARTOS       martos.o
    0x00000bd6   0x00000bd6   0x00000002   PAD
    0x00000bd8   0x00000bd8   0x0000000e   Code   RO           10    .text.SVC_Handler   cortex_os_porting.o
    0x00000be6   0x00000be6   0x00000002   PAD
    0x00000be8   0x00000be8   0x00000030   Code   RO           16    .text.Start_Ticker  cortex_os_porting.o
    0x00000c18   0x00000c18   0x00000008   Code   RO           18    .text.SysTick_Handler  cortex_os_porting.o
    0x00000c20   0x00000c20   0x0000010c   Code   RO          133    .text.SystemInit    system_tm4c123.o
    0x00000d2c   0x00000d2c   0x0000002e   Code   RO           12    .text.TriggerPendSV  cortex_os_porting.o
    0x00000d5a   0x00000d5a   0x00000002   PAD
    0x00000d5c   0x00000d5c   0x00000004   Code   RO            8    .text.UsageFault_Handler  cortex_os_porting.o
    0x00000d60   0x00000d60   0x000000b8   Code   RO           74    .text.WhatIsNext    martos.o
    0x00000e18   0x00000e18   0x000000d8   Code   RO           36    .text.main          main.o
    0x00000ef0   0x00000ef0   0x00000012   Code   RO           28    .text.task1         main.o
    0x00000f02   0x00000f02   0x00000002   PAD
    0x00000f04   0x00000f04   0x00000012   Code   RO           30    .text.task2         main.o
    0x00000f16   0x00000f16   0x00000002   PAD
    0x00000f18   0x00000f18   0x00000026   Code   RO           32    .text.task3         main.o
    0x00000f3e   0x00000f3e   0x00000002   PAD
    0x00000f40   0x00000f40   0x00000034   Code   RO           34    .text.task4         main.o
    0x00000f74   0x00000f74   0x0000001a   Code   RO          237    x$fpl$fpinit        fz_wm.l(fpinit.o)
    0x00000f8e   0x00000f8e   0x00000018   Data   RO           42    .rodata.str1.1      main.o
    0x00000fa6   0x00000fa6   0x00000002   PAD
    0x00000fa8   0x00000fa8   0x00000010   Data   RO          312    Region$$Table       anon$$obj.o


    Execution Region ER_RW (Exec base: 0x20000000, Load base: 0x00000fb8, Size: 0x00000000, Max: 0xffffffff, ABSOLUTE)

    **** No section assigned to this execution region ****


    Execution Region ER_ZI (Exec base: 0x20000000, Load base: 0x00000fb8, Size: 0x00000758, Max: 0xffffffff, ABSOLUTE)

    Exec Addr    Load Addr    Size         Type   Attr      Idx    E Section Name        Object

    0x20000000        -       0x00000060   Zero   RW          177    .bss                c_w.l(libspace.o)
    0x20000060        -       0x000001b0   Zero   RW           85    .bss.OS_Control     martos.o
    0x20000210        -       0x00000004   Zero   RW          111    .bss.RTOS_FIFO      rtos_fifo.o
    0x20000214        -       0x00000044   Zero   RW           88    .bss.RTOS_IdleTask  martos.o
    0x20000258        -       0x00000044   Zero   RW           84    .bss.RTOS_IdleTask1  martos.o
    0x2000029c        -       0x00000014   Zero   RW           86    .bss.ReadyQueue     martos.o
    0x200002b0        -       0x00000190   Zero   RW           87    .bss.ReadyQueueFIFO  martos.o
    0x20000440        -       0x00000044   Zero   RW           41    .bss.TASK1          main.o
    0x20000484        -       0x00000044   Zero   RW           43    .bss.TASK2          main.o
    0x200004c8        -       0x00000044   Zero   RW           39    .bss.TASK3          main.o
    0x2000050c        -       0x00000044   Zero   RW           40    .bss.TASK4          main.o
    0x20000550        -       0x00000001   Zero   RW           89    .bss.TaskCount      martos.o
    0x20000551   0x00000fb8   0x00000003   PAD
    0x20000554        -       0x00000004   Zero   RW           38    .bss.c              main.o
    0x20000558        -       0x00000000   Zero   RW          120    HEAP                startup_tm4c123.o
    0x20000558        -       0x00000200   Zero   RW          119    STACK               startup_tm4c123.o


==============================================================================

Image component sizes


      Code (inc. data)   RO Data    RW Data    ZI Data      Debug   Object Name

       186          0          0          0          0       1100   cortex_os_porting.o
       342          0         24          0        276       1754   main.o
      1488          0          0          0        989       5063   martos.o
       418          0          0          0          4       2290   rtos_fifo.o
       276         24        620          0        512       5440   startup_tm4c123.o
       268          0          0          0          0       6716   system_tm4c123.o

    ----------------------------------------------------------------------
      3008         24        662          0       1784      22363   Object Totals
         0          0         16          0          0          0   (incl. Generated)
        30          0          2          0          3          0   (incl. Padding)

    ----------------------------------------------------------------------

      Code (inc. data)   RO Data    RW Data    ZI Data      Debug   Library Member Name

         8          0          0          0          0         68   __main.o
         0          0          0          0          0          0   __rtentry.o
        12          0          0          0          0          0   __rtentry2.o
         6          0          0          0          0          0   __rtentry4.o
        52          8          0          0          0          0   __scatter.o
        28          0          0          0          0          0   __scatter_zi.o
        18          0          0          0          0         80   exit.o
         6          0          0          0          0        152   heapauxi.o
         0          0          0          0          0          0   indicate_semi.o
         2          0          0          0          0          0   libinit.o
         6          0          0          0          0          0   libinit2.o
         2          0          0          0          0          0   libshutdown.o
         2          0          0          0          0          0   libshutdown2.o
         8          4          0          0         96         68   libspace.o
         2          0          0          0          0          0   rtexit.o
        10          0          0          0          0          0   rtexit2.o
        72          0          0          0          0         80   strcpy.o
        12          4          0          0          0         68   sys_exit.o
        74          0          0          0          0         80   sys_stackheap_outer.o
         2          0          0          0          0         68   use_no_semi.o
        26          0          0          0          0        116   fpinit.o

    ----------------------------------------------------------------------
       354         16          0          0         96        780   Library Totals
         6          0          0          0          0          0   (incl. Padding)

    ----------------------------------------------------------------------

      Code (inc. data)   RO Data    RW Data    ZI Data      Debug   Library Name

       322         16          0          0         96        664   c_w.l
        26          0          0          0          0        116   fz_wm.l

    ----------------------------------------------------------------------
       354         16          0          0         96        780   Library Totals

    ----------------------------------------------------------------------

==============================================================================


      Code (inc. data)   RO Data    RW Data    ZI Data      Debug   

      3362         40        662          0       1880      22787   Grand Totals
      3362         40        662          0       1880      22787   ELF Image Totals
      3362         40        662          0          0          0   ROM Totals

==============================================================================

    Total RO  Size (Code + RO Data)                 4024 (   3.93kB)
    Total RW  Size (RW Data + ZI Data)              1880 (   1.84kB)
    Total ROM Size (Code + RO Data + RW Data)       4024 (   3.93kB)

==============================================================================

